Archive member included to satisfy reference by file (symbol)

/Applications/ArmGNUToolchain/15.2.rel1/arm-none-eabi/bin/../lib/gcc/arm-none-eabi/15.2.1/thumb/v6-m/nofp/libgcc.a(_dvmd_tls.o)
                              CMakeFiles/entropy_gen.dir/Users/mc/Software/pico-sdk/src/rp2_common/pico_divider/divider_hardware.S.o (__aeabi_idiv0)
/Applications/ArmGNUToolchain/15.2.rel1/arm-none-eabi/bin/../lib/gcc/arm-none-eabi/15.2.1/../../../../arm-none-eabi/lib/thumb/v6-m/nofp/libg.a(libc_a-calloc.o)
                              CMakeFiles/entropy_gen.dir/Users/mc/Software/pico-sdk/src/rp2_common/pico_malloc/malloc.c.o (calloc)
/Applications/ArmGNUToolchain/15.2.rel1/arm-none-eabi/bin/../lib/gcc/arm-none-eabi/15.2.1/../../../../arm-none-eabi/lib/thumb/v6-m/nofp/libg.a(libc_a-callocr.o)
                              /Applications/ArmGNUToolchain/15.2.rel1/arm-none-eabi/bin/../lib/gcc/arm-none-eabi/15.2.1/../../../../arm-none-eabi/lib/thumb/v6-m/nofp/libg.a(libc_a-calloc.o) (_calloc_r)
/Applications/ArmGNUToolchain/15.2.rel1/arm-none-eabi/bin/../lib/gcc/arm-none-eabi/15.2.1/../../../../arm-none-eabi/lib/thumb/v6-m/nofp/libg.a(libc_a-malloc.o)
                              CMakeFiles/entropy_gen.dir/Users/mc/Software/pico-sdk/src/rp2_common/pico_malloc/malloc.c.o (malloc)
/Applications/ArmGNUToolchain/15.2.rel1/arm-none-eabi/bin/../lib/gcc/arm-none-eabi/15.2.1/../../../../arm-none-eabi/lib/thumb/v6-m/nofp/libg.a(libc_a-mallocr.o)
                              /Applications/ArmGNUToolchain/15.2.rel1/arm-none-eabi/bin/../lib/gcc/arm-none-eabi/15.2.1/../../../../arm-none-eabi/lib/thumb/v6-m/nofp/libg.a(libc_a-callocr.o) (_malloc_r)
/Applications/ArmGNUToolchain/15.2.rel1/arm-none-eabi/bin/../lib/gcc/arm-none-eabi/15.2.1/../../../../arm-none-eabi/lib/thumb/v6-m/nofp/libg.a(libc_a-mlock.o)
                              /Applications/ArmGNUToolchain/15.2.rel1/arm-none-eabi/bin/../lib/gcc/arm-none-eabi/15.2.1/../../../../arm-none-eabi/lib/thumb/v6-m/nofp/libg.a(libc_a-mallocr.o) (__malloc_lock)
/Applications/ArmGNUToolchain/15.2.rel1/arm-none-eabi/bin/../lib/gcc/arm-none-eabi/15.2.1/../../../../arm-none-eabi/lib/thumb/v6-m/nofp/libg.a(libc_a-realloc.o)
                              CMakeFiles/entropy_gen.dir/Users/mc/Software/pico-sdk/src/rp2_common/pico_malloc/malloc.c.o (realloc)
/Applications/ArmGNUToolchain/15.2.rel1/arm-none-eabi/bin/../lib/gcc/arm-none-eabi/15.2.1/../../../../arm-none-eabi/lib/thumb/v6-m/nofp/libg.a(libc_a-reallocr.o)
                              /Applications/ArmGNUToolchain/15.2.rel1/arm-none-eabi/bin/../lib/gcc/arm-none-eabi/15.2.1/../../../../arm-none-eabi/lib/thumb/v6-m/nofp/libg.a(libc_a-realloc.o) (_realloc_r)
/Applications/ArmGNUToolchain/15.2.rel1/arm-none-eabi/bin/../lib/gcc/arm-none-eabi/15.2.1/../../../../arm-none-eabi/lib/thumb/v6-m/nofp/libg.a(libc_a-memcmp.o)
                              CMakeFiles/entropy_gen.dir/Users/mc/Software/pico-sdk/src/rp2_common/pico_atomic/atomic.c.o (memcmp)
/Applications/ArmGNUToolchain/15.2.rel1/arm-none-eabi/bin/../lib/gcc/arm-none-eabi/15.2.1/../../../../arm-none-eabi/lib/thumb/v6-m/nofp/libg.a(libc_a-memmove.o)
                              /Applications/ArmGNUToolchain/15.2.rel1/arm-none-eabi/bin/../lib/gcc/arm-none-eabi/15.2.1/../../../../arm-none-eabi/lib/thumb/v6-m/nofp/libg.a(libc_a-reallocr.o) (memmove)
/Applications/ArmGNUToolchain/15.2.rel1/arm-none-eabi/bin/../lib/gcc/arm-none-eabi/15.2.1/../../../../arm-none-eabi/lib/thumb/v6-m/nofp/libg.a(libc_a-lcltime_r.o)
                              CMakeFiles/entropy_gen.dir/Users/mc/Software/pico-sdk/src/common/pico_util/datetime.c.o (localtime_r)
/Applications/ArmGNUToolchain/15.2.rel1/arm-none-eabi/bin/../lib/gcc/arm-none-eabi/15.2.1/../../../../arm-none-eabi/lib/thumb/v6-m/nofp/libg.a(libc_a-mktime.o)
                              CMakeFiles/entropy_gen.dir/Users/mc/Software/pico-sdk/src/common/pico_util/datetime.c.o (mktime)
/Applications/ArmGNUToolchain/15.2.rel1/arm-none-eabi/bin/../lib/gcc/arm-none-eabi/15.2.1/../../../../arm-none-eabi/lib/thumb/v6-m/nofp/libg.a(libc_a-month_lengths.o)
                              /Applications/ArmGNUToolchain/15.2.rel1/arm-none-eabi/bin/../lib/gcc/arm-none-eabi/15.2.1/../../../../arm-none-eabi/lib/thumb/v6-m/nofp/libg.a(libc_a-lcltime_r.o) (__month_lengths)
/Applications/ArmGNUToolchain/15.2.rel1/arm-none-eabi/bin/../lib/gcc/arm-none-eabi/15.2.1/../../../../arm-none-eabi/lib/thumb/v6-m/nofp/libg.a(libc_a-tzcalc_limits.o)
                              /Applications/ArmGNUToolchain/15.2.rel1/arm-none-eabi/bin/../lib/gcc/arm-none-eabi/15.2.1/../../../../arm-none-eabi/lib/thumb/v6-m/nofp/libg.a(libc_a-lcltime_r.o) (__tzcalc_limits)
/Applications/ArmGNUToolchain/15.2.rel1/arm-none-eabi/bin/../lib/gcc/arm-none-eabi/15.2.1/../../../../arm-none-eabi/lib/thumb/v6-m/nofp/libg.a(libc_a-tzlock.o)
[...]
Memory Configuration

Name             Origin             Length             Attributes
FLASH            0x10000000         0x00200000         xr
RAM              0x20000000         0x00040000         xrw
SCRATCH_X        0x20040000         0x00001000         xrw
SCRATCH_Y        0x20041000         0x00001000         xrw
*default*        0x00000000         0xffffffff

Linker script and memory map

LOAD /Applications/ArmGNUToolchain/15.2.rel1/arm-none-eabi/bin/../lib/gcc/arm-none-eabi/15.2.1/thumb/v6-m/nofp/crti.o
LOAD /Applications/ArmGNUToolchain/15.2.rel1/arm-none-eabi/bin/../lib/gcc/arm-none-eabi/15.2.1/thumb/v6-m/nofp/crtbegin.o
LOAD /Applications/ArmGNUToolchain/15.2.rel1/arm-none-eabi/bin/../lib/gcc/arm-none-eabi/15.2.1/../../../../arm-none-eabi/lib/thumb/v6-m/nofp/crt0.o

.flash_begin    0x10000000        0x0
                0x10000000                        __flash_binary_start = .

.boot2          0x10000000      0x100
                0x10000000                        __boot2_start__ = .
 *(.boot2)
 .boot2         0x10000000      0x100 pico-sdk/src/rp2040/boot_stage2/CMakeFiles/bs2_default_library.dir/bs2_default_padded_checksummed.S.o
                0x10000100                        __boot2_end__ = .
                0x00000001                        ASSERT (((__boot2_end__ - __boot2_start__) == 0x100), ERROR: Pico second stage bootloader must be 256 bytes in size)

.text           0x10000100     0x9244
                0x10000100                        __logical_binary_start = .
 *(.vectors)
 .vectors       0x10000100       0xd4 CMakeFiles/entropy_gen.dir/Users/mc/Software/pico-sdk/src/rp2_common/pico_crt0/crt0.S.o
                0x10000100                __VECTOR_TABLE
                0x10000100                __vectors
                0x100001c0                isr_irq13
                0x100001c0                isr_irq27
                0x100001c0                isr_irq31
                0x100001c0                isr_irq5
                0x100001c0                isr_irq11
                0x100001c0                isr_irq23
                0x100001c0                isr_irq18
                0x100001c0                isr_irq9
                0x100001c0                __unhandled_user_irq
                0x100001c0                isr_irq25
                0x100001c0                isr_irq4
                0x100001c0                isr_irq16
                0x100001c0                isr_irq29
                0x100001c0                isr_irq26
                0x100001c0                isr_irq3
                0x100001c0                isr_irq12
                0x100001c0                isr_irq30
                0x100001c0                isr_irq28
                0x100001c0                isr_irq19
                0x100001c0                isr_irq0
                0x100001c0                isr_irq6
                0x100001c0                isr_irq22
                0x100001c0                isr_irq17
                0x100001c0                isr_irq14
                0x100001c0                __vectors_end
                0x100001c0                __default_isrs_start
                0x100001c0                isr_irq2
                0x100001c0                isr_irq10
                0x100001c0                isr_irq8
                0x100001c0                isr_irq24
                0x100001c0                isr_irq1
                0x100001c0                isr_irq7
                0x100001c0                isr_irq21
                0x100001c0                isr_irq20
                0x100001c0                isr_irq15
                0x100001c6                unhandled_user_irq_num_in_r0
                0x100001c8                isr_invalid
                0x100001ca                isr_nmi
                0x100001cc                isr_hardfault
                0x100001ce                isr_svcall
                0x100001d0                isr_pendsv
                0x100001d2                isr_systick
                0x100001d4                __default_isrs_end
 *(.binary_info_header)
 .binary_info_header
                0x100001d4       0x14 CMakeFiles/entropy_gen.dir/Users/mc/Software/pico-sdk/src/rp2_common/pico_crt0/crt0.S.o
                0x100001e8                        __binary_info_header_end = .
 *(.embedded_block)
                0x100001e8                        __embedded_block_end = .
 *(.reset)
 .reset         0x100001e8       0x9c CMakeFiles/entropy_gen.dir/Users/mc/Software/pico-sdk/src/rp2_common/pico_crt0/crt0.S.o
                0x100001e8                _entry_point
 *(.init)
 .init          0x10000284        0x4 /Applications/ArmGNUToolchain/15.2.rel1/arm-none-eabi/bin/../lib/gcc/arm-none-eabi/15.2.1/thumb/v6-m/nofp/crti.o
                0x10000284                _init
 *(EXCLUDE_FILE(*libm.a: *libc.a:*lib_a-mem*.o *libgcc.a:) .text*)
 .text.register_tm_clones
                0x10000288       0x28 /Applications/ArmGNUToolchain/15.2.rel1/arm-none-eabi/bin/../lib/gcc/arm-none-eabi/15.2.1/thumb/v6-m/nofp/crtbegin.o
 .text.frame_dummy
                0x100002b0       0x24 /Applications/ArmGNUToolchain/15.2.rel1/arm-none-eabi/bin/../lib/gcc/arm-none-eabi/15.2.1/thumb/v6-m/nofp/crtbegin.o
 .text.core1_entry
                0x100002d4      0x178 CMakeFiles/entropy_gen.dir/main.c.o
                0x100002d4                core1_entry
 .text.startup.main
                0x1000044c      0x1ac CMakeFiles/entropy_gen.dir/main.c.o
                0x1000044c                main
 .text.gpio_set_function
                0x100005f8       0x30 CMakeFiles/entropy_gen.dir/Users/mc/Software/pico-sdk/src/rp2_common/hardware_gpio/gpio.c.o
                0x100005f8                gpio_set_function
 .text.gpio_set_pulls
                0x10000628       0x24 CMakeFiles/entropy_gen.dir/Users/mc/Software/pico-sdk/src/rp2_common/hardware_gpio/gpio.c.o
                0x10000628                gpio_set_pulls
 .text.gpio_set_slew_rate
                0x1000064c       0x20 CMakeFiles/entropy_gen.dir/Users/mc/Software/pico-sdk/src/rp2_common/hardware_gpio/gpio.c.o
                0x1000064c                gpio_set_slew_rate
 .text.gpio_set_drive_strength
                0x1000066c       0x20 CMakeFiles/entropy_gen.dir/Users/mc/Software/pico-sdk/src/rp2_common/hardware_gpio/gpio.c.o
                0x1000066c                gpio_set_drive_strength
 .text.gpio_set_input_enabled
                0x1000068c       0x24 CMakeFiles/entropy_gen.dir/Users/mc/Software/pico-sdk/src/rp2_common/hardware_gpio/gpio.c.o
                0x1000068c                gpio_set_input_enabled
 .text.rp2040_chip_version
                0x100006b0        0xc CMakeFiles/entropy_gen.dir/Users/mc/Software/pico-sdk/src/rp2040/pico_platform/platform.c.o
                0x100006b0                rp2040_chip_version
 .text.panic    0x100006bc       0x30 CMakeFiles/entropy_gen.dir/Users/mc/Software/pico-sdk/src/rp2_common/pico_platform_panic/panic.c.o
                0x100006bc                panic
 .text.hw_claim_lock
                0x100006ec       0x18 CMakeFiles/entropy_gen.dir/Users/mc/Software/pico-sdk/src/common/hardware_claim/claim.c.o
                0x100006ec                hw_claim_lock
 .text.hw_claim_unlock
                0x10000704       0x14 CMakeFiles/entropy_gen.dir/Users/mc/Software/pico-sdk/src/common/hardware_claim/claim.c.o
                0x10000704                hw_claim_unlock
 .text.hw_claim_or_assert
                0x10000718       0x50 CMakeFiles/entropy_gen.dir/Users/mc/Software/pico-sdk/src/common/hardware_claim/claim.c.o
                0x10000718                hw_claim_or_assert
 .text.hw_claim_unused_from_range
                0x10000768       0x88 CMakeFiles/entropy_gen.dir/Users/mc/Software/pico-sdk/src/common/hardware_claim/claim.c.o
                0x10000768                hw_claim_unused_from_range
 .text.next_striped_spin_lock_num
                0x100007f0       0x18 CMakeFiles/entropy_gen.dir/Users/mc/Software/pico-sdk/src/rp2_common/hardware_sync/sync.c.o
                0x100007f0                next_striped_spin_lock_num
 .text.spin_lock_claim_unused
                0x10000808       0x20 CMakeFiles/entropy_gen.dir/Users/mc/Software/pico-sdk/src/rp2_common/hardware_sync/sync.c.o
                0x10000808                spin_lock_claim_unused
 .text.spin_locks_reset
                0x10000828       0x1c CMakeFiles/entropy_gen.dir/Users/mc/Software/pico-sdk/src/rp2_common/hardware_sync_spin_lock/sync_spin_lock.c.o
                0x10000828                spin_locks_reset
 .text.runtime_init_per_core_irq_priorities
                0x10000844       0x48 CMakeFiles/entropy_gen.dir/Users/mc/Software/pico-sdk/src/rp2_common/hardware_irq/irq.c.o
                0x10000844                runtime_init_per_core_irq_priorities
 .text.irq_set_enabled
                0x1000088c       0x24 CMakeFiles/entropy_gen.dir/Users/mc/Software/pico-sdk/src/rp2_common/hardware_irq/irq.c.o
                0x1000088c                irq_set_enabled
 .text.irq_is_enabled
                0x100008b0       0x18 CMakeFiles/entropy_gen.dir/Users/mc/Software/pico-sdk/src/rp2_common/hardware_irq/irq.c.o
                0x100008b0                irq_is_enabled
 .text.irq_set_pending
                0x100008c8       0x10 CMakeFiles/entropy_gen.dir/Users/mc/Software/pico-sdk/src/rp2_common/hardware_irq/irq.c.o
                0x100008c8                irq_set_pending
 .text.irq_has_shared_handler
                0x100008d8       0x20 CMakeFiles/entropy_gen.dir/Users/mc/Software/pico-sdk/src/rp2_common/hardware_irq/irq.c.o
                0x100008d8                irq_has_shared_handler
 .text.irq_set_exclusive_handler
                0x100008f8       0x54 CMakeFiles/entropy_gen.dir/Users/mc/Software/pico-sdk/src/rp2_common/hardware_irq/irq.c.o
                0x100008f8                irq_set_exclusive_handler
 .text.irq_add_shared_handler
                0x1000094c      0x1cc CMakeFiles/entropy_gen.dir/Users/mc/Software/pico-sdk/src/rp2_common/hardware_irq/irq.c.o
                0x1000094c                irq_add_shared_handler
 .text.irq_add_tail_to_free_list
                0x10000b18       0xb4 CMakeFiles/entropy_gen.dir/Users/mc/Software/pico-sdk/src/rp2_common/hardware_irq/irq.c.o
                0x10000b18                irq_add_tail_to_free_list
 .text.user_irq_claim_unused
                0x10000bcc       0x28 CMakeFiles/entropy_gen.dir/Users/mc/Software/pico-sdk/src/rp2_common/hardware_irq/irq.c.o
                0x10000bcc                user_irq_claim_unused
 .text.lock_init
                0x10000bf4       0x10 CMakeFiles/entropy_gen.dir/Users/mc/Software/pico-sdk/src/common/pico_sync/lock_core.c.o
                0x10000bf4                lock_init
 .text.runtime_init_mutex
                0x10000c04       0x50 CMakeFiles/entropy_gen.dir/Users/mc/Software/pico-sdk/src/common/pico_sync/mutex.c.o
                0x10000c04                runtime_init_mutex
 .text.mutex_init
                0x10000c54       0x1c CMakeFiles/entropy_gen.dir/Users/mc/Software/pico-sdk/src/common/pico_sync/mutex.c.o
                0x10000c54                mutex_init
 .text.critical_section_init
                0x10000c70       0x1c CMakeFiles/entropy_gen.dir/Users/mc/Software/pico-sdk/src/common/pico_sync/critical_section.c.o
                0x10000c70                critical_section_init
 .text.critical_section_init_with_lock_num
                0x10000c8c       0x14 CMakeFiles/entropy_gen.dir/Users/mc/Software/pico-sdk/src/common/pico_sync/critical_section.c.o
                0x10000c8c                critical_section_init_with_lock_num
 .text.sleep_until_callback
                0x10000ca0       0x30 CMakeFiles/entropy_gen.dir/Users/mc/Software/pico-sdk/src/common/pico_time/time.c.o
 .text.alarm_pool_irq_handler
                0x10000cd0      0x2f4 CMakeFiles/entropy_gen.dir/Users/mc/Software/pico-sdk/src/common/pico_time/time.c.o
 .text.runtime_init_default_alarm_pool
                0x10000fc4       0xd8 CMakeFiles/entropy_gen.dir/Users/mc/Software/pico-sdk/src/common/pico_time/time.c.o
                0x10000fc4                runtime_init_default_alarm_pool
 .text.alarm_pool_get_default
                0x1000109c        0x8 CMakeFiles/entropy_gen.dir/Users/mc/Software/pico-sdk/src/common/pico_time/time.c.o
                0x1000109c                alarm_pool_get_default
 .text.alarm_pool_add_alarm_at
                0x100010a4       0xcc CMakeFiles/entropy_gen.dir/Users/mc/Software/pico-sdk/src/common/pico_time/time.c.o
                0x100010a4                alarm_pool_add_alarm_at
 .text.alarm_pool_add_alarm_at_force_in_context
                0x10001170       0xbc CMakeFiles/entropy_gen.dir/Users/mc/Software/pico-sdk/src/common/pico_time/time.c.o
                0x10001170                alarm_pool_add_alarm_at_force_in_context
 .text.alarm_pool_cancel_alarm
                0x1000122c       0x74 CMakeFiles/entropy_gen.dir/Users/mc/Software/pico-sdk/src/common/pico_time/time.c.o
                0x1000122c                alarm_pool_cancel_alarm
 .text.alarm_pool_core_num
                0x100012a0        0x4 CMakeFiles/entropy_gen.dir/Users/mc/Software/pico-sdk/src/common/pico_time/time.c.o
                0x100012a0                alarm_pool_core_num
 .text.sleep_ms
                0x100012a4       0xfc CMakeFiles/entropy_gen.dir/Users/mc/Software/pico-sdk/src/common/pico_time/time.c.o
                0x100012a4                sleep_ms
 .text.best_effort_wfe_or_timeout
                0x100013a0      0x100 CMakeFiles/entropy_gen.dir/Users/mc/Software/pico-sdk/src/common/pico_time/time.c.o
                0x100013a0                best_effort_wfe_or_timeout
 .text.timer_hardware_alarm_claim
                0x100014a0       0x14 CMakeFiles/entropy_gen.dir/Users/mc/Software/pico-sdk/src/rp2_common/hardware_timer/timer.c.o
                0x100014a0                timer_hardware_alarm_claim
 .text.timer_time_us_64
                0x100014b4       0x10 CMakeFiles/entropy_gen.dir/Users/mc/Software/pico-sdk/src/rp2_common/hardware_timer/timer.c.o
                0x100014b4                timer_time_us_64
 .text.time_us_64
                0x100014c4       0x14 CMakeFiles/entropy_gen.dir/Users/mc/Software/pico-sdk/src/rp2_common/hardware_timer/timer.c.o
                0x100014c4                time_us_64
 .text.busy_wait_us_32
                0x100014d8       0x8c CMakeFiles/entropy_gen.dir/Users/mc/Software/pico-sdk/src/rp2_common/hardware_timer/timer.c.o
                0x100014d8                busy_wait_us_32
 .text.busy_wait_until
                0x10001564       0x20 CMakeFiles/entropy_gen.dir/Users/mc/Software/pico-sdk/src/rp2_common/hardware_timer/timer.c.o
                0x10001564                busy_wait_until
 .text.queue_init_with_spinlock
                0x10001584       0x24 CMakeFiles/entropy_gen.dir/Users/mc/Software/pico-sdk/src/common/pico_util/queue.c.o
                0x10001584                queue_init_with_spinlock
 .text.queue_add_blocking
                0x100015a8       0x70 CMakeFiles/entropy_gen.dir/Users/mc/Software/pico-sdk/src/common/pico_util/queue.c.o
                0x100015a8                queue_add_blocking
 .text.queue_remove_blocking
                0x10001618       0x78 CMakeFiles/entropy_gen.dir/Users/mc/Software/pico-sdk/src/common/pico_util/queue.c.o
                0x10001618                queue_remove_blocking
 .text.clock_configure_int_divider
                0x10001690       0xec CMakeFiles/entropy_gen.dir/Users/mc/Software/pico-sdk/src/rp2_common/hardware_clocks/clocks.c.o
                0x10001690                clock_configure_int_divider
 .text.clock_configure_undivided
                0x1000177c       0xe0 CMakeFiles/entropy_gen.dir/Users/mc/Software/pico-sdk/src/rp2_common/hardware_clocks/clocks.c.o
                0x1000177c                clock_configure_undivided
 .text.clock_get_hz
                0x1000185c        0xc CMakeFiles/entropy_gen.dir/Users/mc/Software/pico-sdk/src/rp2_common/hardware_clocks/clocks.c.o
                0x1000185c                clock_get_hz
 .text.set_sys_clock_pll
                0x10001868      0x1b4 CMakeFiles/entropy_gen.dir/Users/mc/Software/pico-sdk/src/rp2_common/hardware_clocks/clocks.c.o
                0x10001868                set_sys_clock_pll
 .text.check_sys_clock_khz
                0x10001a1c      0x288 CMakeFiles/entropy_gen.dir/Users/mc/Software/pico-sdk/src/rp2_common/hardware_clocks/clocks.c.o
                0x10001a1c                check_sys_clock_khz
 .text.pll_init
                0x10001ca4       0xb0 CMakeFiles/entropy_gen.dir/Users/mc/Software/pico-sdk/src/rp2_common/hardware_pll/pll.c.o
                0x10001ca4                pll_init
 .text.vreg_set_voltage
                0x10001d54       0x1c CMakeFiles/entropy_gen.dir/Users/mc/Software/pico-sdk/src/rp2_common/hardware_vreg/vreg.c.o
                0x10001d54                vreg_set_voltage
 .text.watchdog_reboot
                0x10001d70       0x9c CMakeFiles/entropy_gen.dir/Users/mc/Software/pico-sdk/src/rp2_common/hardware_watchdog/watchdog.c.o
                0x10001d70                watchdog_reboot
 .text.tick_start
                0x10001e0c       0x10 CMakeFiles/entropy_gen.dir/Users/mc/Software/pico-sdk/src/rp2_common/hardware_ticks/ticks.c.o
                0x10001e0c                tick_start
 .text.rom_func_lookup
                0x10001e1c       0x10 CMakeFiles/entropy_gen.dir/Users/mc/Software/pico-sdk/src/rp2_common/pico_bootrom/bootrom.c.o
                0x10001e1c                rom_func_lookup
 .text.rom_data_lookup
                0x10001e2c       0x10 CMakeFiles/entropy_gen.dir/Users/mc/Software/pico-sdk/src/rp2_common/pico_bootrom/bootrom.c.o
                0x10001e2c                rom_data_lookup
 .text.rom_funcs_lookup
                0x10001e3c       0x44 CMakeFiles/entropy_gen.dir/Users/mc/Software/pico-sdk/src/rp2_common/pico_bootrom/bootrom.c.o
                0x10001e3c                rom_funcs_lookup
 .text.rom_reset_usb_boot_extra
                0x10001e80       0x24 CMakeFiles/entropy_gen.dir/Users/mc/Software/pico-sdk/src/rp2_common/pico_bootrom/bootrom.c.o
                0x10001e80                rom_reset_usb_boot_extra
 .text.xosc_init
                0x10001ea4       0x28 CMakeFiles/entropy_gen.dir/Users/mc/Software/pico-sdk/src/rp2_common/hardware_xosc/xosc.c.o
                0x10001ea4                xosc_init
 .text.first_per_core_initializer
                0x10001ecc        0x4 CMakeFiles/entropy_gen.dir/Users/mc/Software/pico-sdk/src/rp2_common/pico_runtime/runtime.c.o
 .text.hard_assertion_failure
                0x10001ed0        0xc CMakeFiles/entropy_gen.dir/Users/mc/Software/pico-sdk/src/rp2_common/pico_runtime/runtime.c.o
                0x10001ed0                hard_assertion_failure
 .text.runtime_run_initializers
                0x10001edc       0x28 CMakeFiles/entropy_gen.dir/Users/mc/Software/pico-sdk/src/rp2_common/pico_runtime/runtime.c.o
                0x10001edc                runtime_run_initializers
 .text.runtime_run_per_core_initializers
                0x10001f04       0x28 CMakeFiles/entropy_gen.dir/Users/mc/Software/pico-sdk/src/rp2_common/pico_runtime/runtime.c.o
                0x10001f04                runtime_run_per_core_initializers
 .text.runtime_init_early_resets
                0x10001f2c       0x2c CMakeFiles/entropy_gen.dir/Users/mc/Software/pico-sdk/src/rp2_common/pico_runtime_init/runtime_init.c.o
                0x10001f2c                runtime_init_early_resets
 .text.runtime_init_usb_power_down
                0x10001f58       0x1c CMakeFiles/entropy_gen.dir/Users/mc/Software/pico-sdk/src/rp2_common/pico_runtime_init/runtime_init.c.o
                0x10001f58                runtime_init_usb_power_down
 .text.runtime_init_post_clock_resets
                0x10001f74       0x20 CMakeFiles/entropy_gen.dir/Users/mc/Software/pico-sdk/src/rp2_common/pico_runtime_init/runtime_init.c.o
                0x10001f74                runtime_init_post_clock_resets
 .text.runtime_init_rp2040_gpio_ie_disable
                0x10001f94       0x14 CMakeFiles/entropy_gen.dir/Users/mc/Software/pico-sdk/src/rp2_common/pico_runtime_init/runtime_init.c.o
                0x10001f94                runtime_init_rp2040_gpio_ie_disable
 .text.runtime_init_spin_locks_reset
                0x10001fa8        0x8 CMakeFiles/entropy_gen.dir/Users/mc/Software/pico-sdk/src/rp2_common/pico_runtime_init/runtime_init.c.o
                0x10001fa8                runtime_init_spin_locks_reset
 .text.runtime_init_install_ram_vector_table
                0x10001fb0       0xb8 CMakeFiles/entropy_gen.dir/Users/mc/Software/pico-sdk/src/rp2_common/pico_runtime_init/runtime_init.c.o
                0x10001fb0                runtime_init_install_ram_vector_table
 .text.runtime_init_clocks
                0x10002068       0xd8 CMakeFiles/entropy_gen.dir/Users/mc/Software/pico-sdk/src/rp2_common/pico_runtime_init/runtime_init_clocks.c.o
                0x10002068                runtime_init_clocks
 .text          0x10002140       0x10 CMakeFiles/entropy_gen.dir/Users/mc/Software/pico-sdk/src/rp2_common/pico_bit_ops/bit_ops_aeabi.S.o
 .text.__wrap___aeabi_idiv
                0x10002150       0x50 CMakeFiles/entropy_gen.dir/Users/mc/Software/pico-sdk/src/rp2_common/pico_divider/divider_hardware.S.o
                0x10002150                __wrap___aeabi_idivmod
                0x10002150                divmod_s32s32
                0x10002150                div_s32s32
                0x10002150                __wrap___aeabi_idiv
                0x10002158                divmod_s32s32_unsafe
                0x10002184                divmod_s32s32_savestate
 .text.__wrap___aeabi_uidiv
                0x100021a0       0x4c CMakeFiles/entropy_gen.dir/Users/mc/Software/pico-sdk/src/rp2_common/pico_divider/divider_hardware.S.o
                0x100021a0                __wrap___aeabi_uidiv
                0x100021a0                __wrap___aeabi_uidivmod
                0x100021a0                div_u32u32
                0x100021a0                divmod_u32u32
                0x100021a8                divmod_u32u32_unsafe
                0x100021d0                divmod_u32u32_savestate
 .text.__wrap___aeabi_ldiv
                0x100021ec      0x424 CMakeFiles/entropy_gen.dir/Users/mc/Software/pico-sdk/src/rp2_common/pico_divider/divider_hardware.S.o
                0x100021ec                __wrap___aeabi_ldivmod
                0x100021ec                div_s64s64
                0x100021ec                divmod_s64s64
                0x1000221c                divmod_u64u64
                0x1000221c                div_u64u64
                0x1000221c                __wrap___aeabi_uldivmod
                0x1000222c                divmod_u64u64_savestate
                0x1000224c                divmod_s64s64_unsafe
                0x100022d4                divmod_u64u64_unsafe
 .text.__wrap___aeabi_darithmetic
                0x10002610       0x80 CMakeFiles/entropy_gen.dir/Users/mc/Software/pico-sdk/src/rp2_common/pico_double/double_aeabi_rp2040.S.o
                0x10002610                __wrap___aeabi_drsub
                0x10002616                __wrap___aeabi_dsub
                0x10002628                __wrap___aeabi_dadd
                0x1000263a                __wrap___aeabi_ddiv
                0x10002676                __wrap___aeabi_dmul
 .text.__wrap___aeabi_cdcmple
                0x10002690       0x6c CMakeFiles/entropy_gen.dir/Users/mc/Software/pico-sdk/src/rp2_common/pico_double/double_aeabi_rp2040.S.o
                0x10002690                __wrap___aeabi_cdrcmple
                0x100026a0                __wrap___aeabi_cdcmple
                0x100026a0                __wrap___aeabi_cdcmpeq
 .text.__wrap___aeabi_dcmplt
                0x100026fc        0xc CMakeFiles/entropy_gen.dir/Users/mc/Software/pico-sdk/src/rp2_common/pico_double/double_aeabi_rp2040.S.o
                0x100026fc                __wrap___aeabi_dcmplt
 .text.__wrap___aeabi_dcmple
                0x10002708       0x10 CMakeFiles/entropy_gen.dir/Users/mc/Software/pico-sdk/src/rp2_common/pico_double/double_aeabi_rp2040.S.o
                0x10002708                __wrap___aeabi_dcmple
 .text.__wrap___aeabi_dcmpge
                0x10002718       0x10 CMakeFiles/entropy_gen.dir/Users/mc/Software/pico-sdk/src/rp2_common/pico_double/double_aeabi_rp2040.S.o
                0x10002718                __wrap___aeabi_dcmpge
 .text.__wrap___aeabi_dcmpgt
                0x10002728        0xa CMakeFiles/entropy_gen.dir/Users/mc/Software/pico-sdk/src/rp2_common/pico_double/double_aeabi_rp2040.S.o
                0x10002728                __wrap___aeabi_dcmpgt
 .text.__wrap___aeabi_dcmpun
                0x10002732       0x18 CMakeFiles/entropy_gen.dir/Users/mc/Software/pico-sdk/src/rp2_common/pico_double/double_aeabi_rp2040.S.o
                0x10002732                __wrap___aeabi_dcmpun
 *fill*         0x1000274a        0x2 
 .text.__wrap___aeabi_i2d
                0x1000274c       0x38 CMakeFiles/entropy_gen.dir/Users/mc/Software/pico-sdk/src/rp2_common/pico_double/double_aeabi_rp2040.S.o
                0x1000274c                __wrap___aeabi_ui2d
                0x1000274c                uint2double
                0x10002754                __wrap___aeabi_i2d
                0x10002754                int2double
 .text.__wrap___aeabi_d2iz
                0x10002784       0x48 CMakeFiles/entropy_gen.dir/Users/mc/Software/pico-sdk/src/rp2_common/pico_double/double_aeabi_rp2040.S.o
                0x10002784                __wrap___aeabi_d2iz
                0x10002784                double2int_z
 .text.__wrap___aeabi_d2uiz
                0x100027cc       0x18 CMakeFiles/entropy_gen.dir/Users/mc/Software/pico-sdk/src/rp2_common/pico_double/double_aeabi_rp2040.S.o
                0x100027cc                double2uint_z
                0x100027cc                double2uint
                0x100027cc                __wrap___aeabi_d2uiz
 .text.__aeabi_double_init
                0x100027e4       0xa4 CMakeFiles/entropy_gen.dir/Users/mc/Software/pico-sdk/src/rp2_common/pico_double/double_init_rom_rp2040.c.o
                0x100027e4                __aeabi_double_init
 .text.double_table_shim_on_use_helper
                0x10002888       0x2c CMakeFiles/entropy_gen.dir/Users/mc/Software/pico-sdk/src/rp2_common/pico_double/double_v1_rom_shim_rp2040.S.o
                0x10002888                double_table_shim_on_use_helper
 .text.__wrap___aeabi_dsub
                0x100028b4       0x10 CMakeFiles/entropy_gen.dir/Users/mc/Software/pico-sdk/src/rp2_common/pico_double/double_v1_rom_shim_rp2040.S.o
                0x100028b4                drsub_shim
                0x100028ba                dsub_shim
 .text.dadd_shim
                0x100028c4      0x15c CMakeFiles/entropy_gen.dir/Users/mc/Software/pico-sdk/src/rp2_common/pico_double/double_v1_rom_shim_rp2040.S.o
                0x100028c4                dadd_shim
 .text.dmul_shim
                0x10002a20      0x15c CMakeFiles/entropy_gen.dir/Users/mc/Software/pico-sdk/src/rp2_common/pico_double/double_v1_rom_shim_rp2040.S.o
                0x10002a20                dmul_shim
 .text.ddiv_shim
                0x10002b7c      0x1b0 CMakeFiles/entropy_gen.dir/Users/mc/Software/pico-sdk/src/rp2_common/pico_double/double_v1_rom_shim_rp2040.S.o
                0x10002b7c                ddiv_shim
 .text.double2uint_shim
                0x10002d2c        0xe CMakeFiles/entropy_gen.dir/Users/mc/Software/pico-sdk/src/rp2_common/pico_double/double_v1_rom_shim_rp2040.S.o
                0x10002d2c                double2uint_shim
                0x10002d2e                double2ufix_shim
 *fill*         0x10002d3a        0x2 
 .text.double2uint64_shim
                0x10002d3c       0x70 CMakeFiles/entropy_gen.dir/Users/mc/Software/pico-sdk/src/rp2_common/pico_double/double_v1_rom_shim_rp2040.S.o
                0x10002d3c                double2uint64_shim
                0x10002d3e                double2ufix64_shim
                0x10002d5e                d2fix_a
 .text.dunpacks
                0x10002dac       0x3c CMakeFiles/entropy_gen.dir/Users/mc/Software/pico-sdk/src/rp2_common/pico_double/double_v1_rom_shim_rp2040.S.o
                0x10002dac                dunpacks
 .text.__aeabi_lmul
                0x10002de8       0x32 CMakeFiles/entropy_gen.dir/Users/mc/Software/pico-sdk/src/rp2_common/pico_int64_ops/pico_int64_ops_aeabi.S.o
                0x10002de8                __wrap___aeabi_lmul
 *fill*         0x10002e1a        0x2 
 .text.__wrap___aeabi_farithmetic
                0x10002e1c       0x48 CMakeFiles/entropy_gen.dir/Users/mc/Software/pico-sdk/src/rp2_common/pico_float/float_aeabi_rp2040.S.o
                0x10002e1c                __wrap___aeabi_frsub
                0x10002e22                __wrap___aeabi_fsub
                0x10002e28                __wrap___aeabi_fadd
                0x10002e2e                __wrap___aeabi_fdiv
                0x10002e56                __wrap___aeabi_fmul
 .text.__wrap___aeabi_ui2f
                0x10002e64        0xa CMakeFiles/entropy_gen.dir/Users/mc/Software/pico-sdk/src/rp2_common/pico_float/float_aeabi_rp2040.S.o
                0x10002e64                uint2float
                0x10002e64                __wrap___aeabi_ui2f
 *fill*         0x10002e6e        0x2 
 .text.__wrap___aeabi_i2f
                0x10002e70       0x44 CMakeFiles/entropy_gen.dir/Users/mc/Software/pico-sdk/src/rp2_common/pico_float/float_aeabi_rp2040.S.o
                0x10002e70                int2float
                0x10002e70                __wrap___aeabi_i2f
 .text.__wrap___aeabi_f2d
                0x10002eb4       0x14 CMakeFiles/entropy_gen.dir/Users/mc/Software/pico-sdk/src/rp2_common/pico_float/float_aeabi_rp2040.S.o
                0x10002eb4                __wrap___aeabi_f2d
 .text.__wrap_logf
                0x10002ec8        0xc CMakeFiles/entropy_gen.dir/Users/mc/Software/pico-sdk/src/rp2_common/pico_float/float_aeabi_rp2040.S.o
                0x10002ec8                __wrap_logf
 .text.__aeabi_float_init
                0x10002ed4       0x68 CMakeFiles/entropy_gen.dir/Users/mc/Software/pico-sdk/src/rp2_common/pico_float/float_init_rom_rp2040.c.o
                0x10002ed4                __aeabi_float_init
 .text.__wrap_log2f
                0x10002f3c       0x14 CMakeFiles/entropy_gen.dir/Users/mc/Software/pico-sdk/src/rp2_common/pico_float/float_math.c.o
                0x10002f3c                __wrap_log2f
 .text.float_table_shim_on_use_helper
                0x10002f50       0x2c CMakeFiles/entropy_gen.dir/Users/mc/Software/pico-sdk/src/rp2_common/pico_float/float_v1_rom_shim_rp2040.S.o
                0x10002f50                float_table_shim_on_use_helper
 .text.float2double_shim
                0x10002f7c       0x30 CMakeFiles/entropy_gen.dir/Users/mc/Software/pico-sdk/src/rp2_common/pico_float/float_v1_rom_shim_rp2040.S.o
                0x10002f7c                float2double_shim
 .text.__wrap_calloc
                0x10002fac       0x44 CMakeFiles/entropy_gen.dir/Users/mc/Software/pico-sdk/src/rp2_common/pico_malloc/malloc.c.o
                0x10002fac                __wrap_calloc
 .text          0x10002ff0       0x10 CMakeFiles/entropy_gen.dir/Users/mc/Software/pico-sdk/src/rp2_common/pico_mem_ops/mem_ops_aeabi.S.o
                0x10002ff0                __aeabi_mem_init
 .text.memset   0x10003000        0xc CMakeFiles/entropy_gen.dir/Users/mc/Software/pico-sdk/src/rp2_common/pico_mem_ops/mem_ops_aeabi.S.o
                0x10003000                __wrap_memset
 .text.memcpy   0x1000300c        0xc CMakeFiles/entropy_gen.dir/Users/mc/Software/pico-sdk/src/rp2_common/pico_mem_ops/mem_ops_aeabi.S.o
                0x1000300c                __wrap___aeabi_memcpy
                0x1000300c                __wrap_memcpy
 .text._out_null
                0x10003018        0x4 CMakeFiles/entropy_gen.dir/Users/mc/Software/pico-sdk/src/rp2_common/pico_printf/printf.c.o
 .text._out_rev
                0x1000301c       0xa8 CMakeFiles/entropy_gen.dir/Users/mc/Software/pico-sdk/src/rp2_common/pico_printf/printf.c.o
 .text._ntoa_format
                0x100030c4      0x1d8 CMakeFiles/entropy_gen.dir/Users/mc/Software/pico-sdk/src/rp2_common/pico_printf/printf.c.o
 .text._out_char
                0x1000329c       0x10 CMakeFiles/entropy_gen.dir/Users/mc/Software/pico-sdk/src/rp2_common/pico_printf/printf.c.o
 .text._out_fct
                0x100032ac       0x10 CMakeFiles/entropy_gen.dir/Users/mc/Software/pico-sdk/src/rp2_common/pico_printf/printf.c.o
 .text._ftoa    0x100032bc      0x474 CMakeFiles/entropy_gen.dir/Users/mc/Software/pico-sdk/src/rp2_common/pico_printf/printf.c.o
 .text._etoa    0x10003730      0x560 CMakeFiles/entropy_gen.dir/Users/mc/Software/pico-sdk/src/rp2_common/pico_printf/printf.c.o
 .text._vsnprintf
                0x10003c90      0xab8 CMakeFiles/entropy_gen.dir/Users/mc/Software/pico-sdk/src/rp2_common/pico_printf/printf.c.o
 .text.vfctprintf
                0x10004748       0x20 CMakeFiles/entropy_gen.dir/Users/mc/Software/pico-sdk/src/rp2_common/pico_printf/printf.c.o
                0x10004748                vfctprintf
 .text.weak_raw_vprintf
                0x10004768       0x30 CMakeFiles/entropy_gen.dir/Users/mc/Software/pico-sdk/src/rp2_common/pico_printf/printf.c.o
                0x10004768                weak_raw_vprintf
 .text._exit    0x10004798        0x4 CMakeFiles/entropy_gen.dir/Users/mc/Software/pico-sdk/src/rp2_common/pico_clib_interface/newlib_interface.c.o
                0x10004798                _exit
 .text._sbrk    0x1000479c       0x34 CMakeFiles/entropy_gen.dir/Users/mc/Software/pico-sdk/src/rp2_common/pico_clib_interface/newlib_interface.c.o
                0x1000479c                _sbrk
 .text.exit     0x100047d0        0x8 CMakeFiles/entropy_gen.dir/Users/mc/Software/pico-sdk/src/rp2_common/pico_clib_interface/newlib_interface.c.o
                0x100047d0                exit
 .text.runtime_init
                0x100047d8       0x2c CMakeFiles/entropy_gen.dir/Users/mc/Software/pico-sdk/src/rp2_common/pico_clib_interface/newlib_interface.c.o
                0x100047d8                runtime_init
 .text.stdio_out_chars_no_crlf
                0x10004804       0x10 CMakeFiles/entropy_gen.dir/Users/mc/Software/pico-sdk/src/rp2_common/pico_stdio/stdio.c.o
 .text.stdio_out_chars_crlf
                0x10004814       0x90 CMakeFiles/entropy_gen.dir/Users/mc/Software/pico-sdk/src/rp2_common/pico_stdio/stdio.c.o
 .text.stdio_buffered_printer
                0x100048a4       0x64 CMakeFiles/entropy_gen.dir/Users/mc/Software/pico-sdk/src/rp2_common/pico_stdio/stdio.c.o
 .text.stdio_put_string
                0x10004908       0xf4 CMakeFiles/entropy_gen.dir/Users/mc/Software/pico-sdk/src/rp2_common/pico_stdio/stdio.c.o
                0x10004908                stdio_put_string
 .text.stdio_set_driver_enabled
                0x100049fc       0x30 CMakeFiles/entropy_gen.dir/Users/mc/Software/pico-sdk/src/rp2_common/pico_stdio/stdio.c.o
                0x100049fc                stdio_set_driver_enabled
 .text.stdio_init_all
                0x10004a2c        0x8 CMakeFiles/entropy_gen.dir/Users/mc/Software/pico-sdk/src/rp2_common/pico_stdio/stdio.c.o
                0x10004a2c                stdio_init_all
 .text.__wrap_putchar
                0x10004a34       0x94 CMakeFiles/entropy_gen.dir/Users/mc/Software/pico-sdk/src/rp2_common/pico_stdio/stdio.c.o
                0x10004a34                stdio_putchar
                0x10004a34                __wrap_putchar
 .text.__wrap_puts
                0x10004ac8       0x3c CMakeFiles/entropy_gen.dir/Users/mc/Software/pico-sdk/src/rp2_common/pico_stdio/stdio.c.o
                0x10004ac8                __wrap_puts
                0x10004ac8                stdio_puts
 .text.__wrap_vprintf
                0x10004b04       0xc8 CMakeFiles/entropy_gen.dir/Users/mc/Software/pico-sdk/src/rp2_common/pico_stdio/stdio.c.o
                0x10004b04                __wrap_vprintf
                0x10004b04                stdio_vprintf
 .text.__wrap_printf
                0x10004bcc       0x18 CMakeFiles/entropy_gen.dir/Users/mc/Software/pico-sdk/src/rp2_common/pico_stdio/stdio.c.o
                0x10004bcc                stdio_printf
                0x10004bcc                __wrap_printf
 .text.resetd_init
                0x10004be4        0x4 CMakeFiles/entropy_gen.dir/Users/mc/Software/pico-sdk/src/rp2_common/pico_stdio_usb/reset_interface.c.o
 .text.resetd_reset
                0x10004be8        0xc CMakeFiles/entropy_gen.dir/Users/mc/Software/pico-sdk/src/rp2_common/pico_stdio_usb/reset_interface.c.o
 .text.resetd_open
                0x10004bf4       0x28 CMakeFiles/entropy_gen.dir/Users/mc/Software/pico-sdk/src/rp2_common/pico_stdio_usb/reset_interface.c.o
 .text.resetd_xfer_cb
                0x10004c1c        0x4 CMakeFiles/entropy_gen.dir/Users/mc/Software/pico-sdk/src/rp2_common/pico_stdio_usb/reset_interface.c.o
 .text.resetd_control_xfer_cb
                0x10004c20       0x54 CMakeFiles/entropy_gen.dir/Users/mc/Software/pico-sdk/src/rp2_common/pico_stdio_usb/reset_interface.c.o
 .text.tud_descriptor_bos_cb
                0x10004c74        0x8 CMakeFiles/entropy_gen.dir/Users/mc/Software/pico-sdk/src/rp2_common/pico_stdio_usb/reset_interface.c.o
                0x10004c74                tud_descriptor_bos_cb
 .text.tud_vendor_control_xfer_cb
                0x10004c7c       0x38 CMakeFiles/entropy_gen.dir/Users/mc/Software/pico-sdk/src/rp2_common/pico_stdio_usb/reset_interface.c.o
                0x10004c7c                tud_vendor_control_xfer_cb
 .text.usbd_app_driver_get_cb
                0x10004cb4        0xc CMakeFiles/entropy_gen.dir/Users/mc/Software/pico-sdk/src/rp2_common/pico_stdio_usb/reset_interface.c.o
                0x10004cb4                usbd_app_driver_get_cb
 .text.tud_cdc_line_coding_cb
                0x10004cc0       0x2c CMakeFiles/entropy_gen.dir/Users/mc/Software/pico-sdk/src/rp2_common/pico_stdio_usb/reset_interface.c.o
                0x10004cc0                tud_cdc_line_coding_cb
 .text.stdio_usb_set_chars_available_callback
                0x10004cec       0x14 CMakeFiles/entropy_gen.dir/Users/mc/Software/pico-sdk/src/rp2_common/pico_stdio_usb/stdio_usb.c.o
                0x10004cec                stdio_usb_set_chars_available_callback
 .text.usb_irq  0x10004d00       0x10 CMakeFiles/entropy_gen.dir/Users/mc/Software/pico-sdk/src/rp2_common/pico_stdio_usb/stdio_usb.c.o
 .text.timer_task
                0x10004d10       0x64 CMakeFiles/entropy_gen.dir/Users/mc/Software/pico-sdk/src/rp2_common/pico_stdio_usb/stdio_usb.c.o
 .text.stdio_usb_in_chars
                0x10004d74       0x8c CMakeFiles/entropy_gen.dir/Users/mc/Software/pico-sdk/src/rp2_common/pico_stdio_usb/stdio_usb.c.o
                0x10004d74                stdio_usb_in_chars
 .text.stdio_usb_out_flush
                0x10004e00       0x4c CMakeFiles/entropy_gen.dir/Users/mc/Software/pico-sdk/src/rp2_common/pico_stdio_usb/stdio_usb.c.o
 .text.stdio_usb_out_chars
                0x10004e4c       0xf8 CMakeFiles/entropy_gen.dir/Users/mc/Software/pico-sdk/src/rp2_common/pico_stdio_usb/stdio_usb.c.o
 .text.low_priority_worker_irq
                0x10004f44       0xc4 CMakeFiles/entropy_gen.dir/Users/mc/Software/pico-sdk/src/rp2_common/pico_stdio_usb/stdio_usb.c.o
 .text.stdio_usb_init
                0x10005008       0xe4 CMakeFiles/entropy_gen.dir/Users/mc/Software/pico-sdk/src/rp2_common/pico_stdio_usb/stdio_usb.c.o
                0x10005008                stdio_usb_init
 .text.tud_descriptor_device_cb
                0x100050ec        0x8 CMakeFiles/entropy_gen.dir/Users/mc/Software/pico-sdk/src/rp2_common/pico_stdio_usb/stdio_usb_descriptors.c.o
                0x100050ec                tud_descriptor_device_cb
 .text.tud_descriptor_configuration_cb
                0x100050f4        0x8 CMakeFiles/entropy_gen.dir/Users/mc/Software/pico-sdk/src/rp2_common/pico_stdio_usb/stdio_usb_descriptors.c.o
                0x100050f4                tud_descriptor_configuration_cb
 .text.tud_descriptor_string_cb
                0x100050fc       0x70 CMakeFiles/entropy_gen.dir/Users/mc/Software/pico-sdk/src/rp2_common/pico_stdio_usb/stdio_usb_descriptors.c.o
                0x100050fc                tud_descriptor_string_cb
 .text.startup._retrieve_unique_id_on_boot
                0x1000516c       0x10 CMakeFiles/entropy_gen.dir/Users/mc/Software/pico-sdk/src/rp2_common/pico_unique_id/unique_id.c.o
 .text.pico_get_unique_board_id_string
                0x1000517c      0x1e0 CMakeFiles/entropy_gen.dir/Users/mc/Software/pico-sdk/src/rp2_common/pico_unique_id/unique_id.c.o
                0x1000517c                pico_get_unique_board_id_string
 .text.flash_get_unique_id
                0x1000535c       0x3c CMakeFiles/entropy_gen.dir/Users/mc/Software/pico-sdk/src/rp2_common/hardware_flash/flash.c.o
                0x1000535c                flash_get_unique_id
 .text.dcd_init
                0x10005398       0x90 CMakeFiles/entropy_gen.dir/Users/mc/Software/pico-sdk/lib/tinyusb/src/portable/raspberrypi/rp2040/dcd_rp2040.c.o
                0x10005398                dcd_init
 .text.dcd_int_enable
                0x10005428        0xc CMakeFiles/entropy_gen.dir/Users/mc/Software/pico-sdk/lib/tinyusb/src/portable/raspberrypi/rp2040/dcd_rp2040.c.o
                0x10005428                dcd_int_enable
 .text.dcd_set_address
                0x10005434       0x14 CMakeFiles/entropy_gen.dir/Users/mc/Software/pico-sdk/lib/tinyusb/src/portable/raspberrypi/rp2040/dcd_rp2040.c.o
                0x10005434                dcd_set_address
 .text.dcd_sof_enable
                0x10005448       0x1c CMakeFiles/entropy_gen.dir/Users/mc/Software/pico-sdk/lib/tinyusb/src/portable/raspberrypi/rp2040/dcd_rp2040.c.o
                0x10005448                dcd_sof_enable
 .text.dcd_edpt0_status_complete
                0x10005464       0x1c CMakeFiles/entropy_gen.dir/Users/mc/Software/pico-sdk/lib/tinyusb/src/portable/raspberrypi/rp2040/dcd_rp2040.c.o
                0x10005464                dcd_edpt0_status_complete
 .text.dcd_edpt_open
                0x10005480      0x114 CMakeFiles/entropy_gen.dir/Users/mc/Software/pico-sdk/lib/tinyusb/src/portable/raspberrypi/rp2040/dcd_rp2040.c.o
                0x10005480                dcd_edpt_open
 .text.dcd_edpt_close_all
                0x10005594        0x8 CMakeFiles/entropy_gen.dir/Users/mc/Software/pico-sdk/lib/tinyusb/src/portable/raspberrypi/rp2040/dcd_rp2040.c.o
                0x10005594                dcd_edpt_close_all
 .text.dcd_edpt_xfer
                0x1000559c       0x24 CMakeFiles/entropy_gen.dir/Users/mc/Software/pico-sdk/lib/tinyusb/src/portable/raspberrypi/rp2040/dcd_rp2040.c.o
                0x1000559c                dcd_edpt_xfer
 .text.dcd_edpt_stall
                0x100055c0       0x3c CMakeFiles/entropy_gen.dir/Users/mc/Software/pico-sdk/lib/tinyusb/src/portable/raspberrypi/rp2040/dcd_rp2040.c.o
                0x100055c0                dcd_edpt_stall
 .text.dcd_edpt_clear_stall
                0x100055fc       0x30 CMakeFiles/entropy_gen.dir/Users/mc/Software/pico-sdk/lib/tinyusb/src/portable/raspberrypi/rp2040/dcd_rp2040.c.o
                0x100055fc                dcd_edpt_clear_stall
 .text.rp2040_usb_init
                0x1000562c       0x40 CMakeFiles/entropy_gen.dir/Users/mc/Software/pico-sdk/lib/tinyusb/src/portable/raspberrypi/rp2040/rp2040_usb.c.o
                0x1000562c                rp2040_usb_init
 .text.hw_endpoint_xfer_start
                0x1000566c       0x40 CMakeFiles/entropy_gen.dir/Users/mc/Software/pico-sdk/lib/tinyusb/src/portable/raspberrypi/rp2040/rp2040_usb.c.o
                0x1000566c                hw_endpoint_xfer_start
 .text.tud_event_hook_cb
                0x100056ac        0x4 CMakeFiles/entropy_gen.dir/Users/mc/Software/pico-sdk/lib/tinyusb/src/device/usbd.c.o
                0x100056ac                tud_event_hook_cb
 .text.tud_sof_cb
                0x100056b0        0x4 CMakeFiles/entropy_gen.dir/Users/mc/Software/pico-sdk/lib/tinyusb/src/device/usbd.c.o
                0x100056b0                tud_sof_cb
 .text.tud_descriptor_device_qualifier_cb
                0x100056b4        0x4 CMakeFiles/entropy_gen.dir/Users/mc/Software/pico-sdk/lib/tinyusb/src/device/usbd.c.o
                0x100056b4                tud_descriptor_device_qualifier_cb
 .text.tud_descriptor_other_speed_configuration_cb
                0x100056b8        0x4 CMakeFiles/entropy_gen.dir/Users/mc/Software/pico-sdk/lib/tinyusb/src/device/usbd.c.o
                0x100056b8                tud_descriptor_other_speed_configuration_cb
 .text.tud_mount_cb
                0x100056bc        0x4 CMakeFiles/entropy_gen.dir/Users/mc/Software/pico-sdk/lib/tinyusb/src/device/usbd.c.o
                0x100056bc                tud_mount_cb
 .text.tud_umount_cb
                0x100056c0        0x4 CMakeFiles/entropy_gen.dir/Users/mc/Software/pico-sdk/lib/tinyusb/src/device/usbd.c.o
                0x100056c0                tud_umount_cb
 .text.tud_suspend_cb
                0x100056c4        0x4 CMakeFiles/entropy_gen.dir/Users/mc/Software/pico-sdk/lib/tinyusb/src/device/usbd.c.o
                0x100056c4                tud_suspend_cb
 .text.tud_resume_cb
                0x100056c8        0x4 CMakeFiles/entropy_gen.dir/Users/mc/Software/pico-sdk/lib/tinyusb/src/device/usbd.c.o
                0x100056c8                tud_resume_cb
 .text.tud_mounted
                0x100056cc       0x10 CMakeFiles/entropy_gen.dir/Users/mc/Software/pico-sdk/lib/tinyusb/src/device/usbd.c.o
                0x100056cc                tud_mounted
 .text.tud_suspended
                0x100056dc       0x10 CMakeFiles/entropy_gen.dir/Users/mc/Software/pico-sdk/lib/tinyusb/src/device/usbd.c.o
                0x100056dc                tud_suspended
 .text.tud_rhport_init
                0x100056ec       0xf0 CMakeFiles/entropy_gen.dir/Users/mc/Software/pico-sdk/lib/tinyusb/src/device/usbd.c.o
                0x100056ec                tud_rhport_init
 .text.tud_task_ext
                0x100057dc      0x7fc CMakeFiles/entropy_gen.dir/Users/mc/Software/pico-sdk/lib/tinyusb/src/device/usbd.c.o
                0x100057dc                tud_task_ext
 .text.usbd_open_edpt_pair
                0x10005fd8       0x98 CMakeFiles/entropy_gen.dir/Users/mc/Software/pico-sdk/lib/tinyusb/src/device/usbd.c.o
                0x10005fd8                usbd_open_edpt_pair
 .text.usbd_edpt_open
                0x10006070       0x34 CMakeFiles/entropy_gen.dir/Users/mc/Software/pico-sdk/lib/tinyusb/src/device/usbd.c.o
                0x10006070                usbd_edpt_open
 .text.usbd_edpt_claim
                0x100060a4       0x28 CMakeFiles/entropy_gen.dir/Users/mc/Software/pico-sdk/lib/tinyusb/src/device/usbd.c.o
                0x100060a4                usbd_edpt_claim
 .text.usbd_edpt_release
                0x100060cc       0x28 CMakeFiles/entropy_gen.dir/Users/mc/Software/pico-sdk/lib/tinyusb/src/device/usbd.c.o
                0x100060cc                usbd_edpt_release
 .text.usbd_edpt_xfer
                0x100060f4       0x50 CMakeFiles/entropy_gen.dir/Users/mc/Software/pico-sdk/lib/tinyusb/src/device/usbd.c.o
                0x100060f4                usbd_edpt_xfer
 .text.tud_control_status
                0x10006144       0x2c CMakeFiles/entropy_gen.dir/Users/mc/Software/pico-sdk/lib/tinyusb/src/device/usbd_control.c.o
                0x10006144                tud_control_status
 .text.tud_control_xfer
                0x10006170       0xa0 CMakeFiles/entropy_gen.dir/Users/mc/Software/pico-sdk/lib/tinyusb/src/device/usbd_control.c.o
                0x10006170                tud_control_xfer
 .text.usbd_control_reset
                0x10006210       0x14 CMakeFiles/entropy_gen.dir/Users/mc/Software/pico-sdk/lib/tinyusb/src/device/usbd_control.c.o
                0x10006210                usbd_control_reset
 .text.usbd_control_set_complete_callback
                0x10006224        0xc CMakeFiles/entropy_gen.dir/Users/mc/Software/pico-sdk/lib/tinyusb/src/device/usbd_control.c.o
                0x10006224                usbd_control_set_complete_callback
 .text.usbd_control_set_request
                0x10006230       0x1c CMakeFiles/entropy_gen.dir/Users/mc/Software/pico-sdk/lib/tinyusb/src/device/usbd_control.c.o
                0x10006230                usbd_control_set_request
 .text.usbd_control_xfer_cb
                0x1000624c       0xe8 CMakeFiles/entropy_gen.dir/Users/mc/Software/pico-sdk/lib/tinyusb/src/device/usbd_control.c.o
                0x1000624c                usbd_control_xfer_cb
 .text._prep_out_transaction.isra.0
                0x10006334       0x6c CMakeFiles/entropy_gen.dir/Users/mc/Software/pico-sdk/lib/tinyusb/src/class/cdc/cdc_device.c.o
 .text.tud_cdc_n_connected
                0x100063a0       0x2c CMakeFiles/entropy_gen.dir/Users/mc/Software/pico-sdk/lib/tinyusb/src/class/cdc/cdc_device.c.o
                0x100063a0                tud_cdc_n_connected
 .text.tud_cdc_n_available
                0x100063cc       0x14 CMakeFiles/entropy_gen.dir/Users/mc/Software/pico-sdk/lib/tinyusb/src/class/cdc/cdc_device.c.o
                0x100063cc                tud_cdc_n_available
 .text.tud_cdc_n_read
                0x100063e0       0x88 CMakeFiles/entropy_gen.dir/Users/mc/Software/pico-sdk/lib/tinyusb/src/class/cdc/cdc_device.c.o
                0x100063e0                tud_cdc_n_read
 .text.tud_cdc_n_write_flush
                0x10006468       0x78 CMakeFiles/entropy_gen.dir/Users/mc/Software/pico-sdk/lib/tinyusb/src/class/cdc/cdc_device.c.o
                0x10006468                tud_cdc_n_write_flush
 .text.tud_cdc_n_write
                0x100064e0       0x40 CMakeFiles/entropy_gen.dir/Users/mc/Software/pico-sdk/lib/tinyusb/src/class/cdc/cdc_device.c.o
                0x100064e0                tud_cdc_n_write
 .text.tud_cdc_n_write_available
                0x10006520       0x14 CMakeFiles/entropy_gen.dir/Users/mc/Software/pico-sdk/lib/tinyusb/src/class/cdc/cdc_device.c.o
                0x10006520                tud_cdc_n_write_available
 .text.cdcd_init
                0x10006534       0x70 CMakeFiles/entropy_gen.dir/Users/mc/Software/pico-sdk/lib/tinyusb/src/class/cdc/cdc_device.c.o
                0x10006534                cdcd_init
 .text.cdcd_deinit
                0x100065a4       0x30 CMakeFiles/entropy_gen.dir/Users/mc/Software/pico-sdk/lib/tinyusb/src/class/cdc/cdc_device.c.o
                0x100065a4                cdcd_deinit
 .text.cdcd_reset
                0x100065d4       0x48 CMakeFiles/entropy_gen.dir/Users/mc/Software/pico-sdk/lib/tinyusb/src/class/cdc/cdc_device.c.o
                0x100065d4                cdcd_reset
 .text.cdcd_open
                0x1000661c       0xa8 CMakeFiles/entropy_gen.dir/Users/mc/Software/pico-sdk/lib/tinyusb/src/class/cdc/cdc_device.c.o
                0x1000661c                cdcd_open
 .text.cdcd_control_xfer_cb
                0x100066c4       0xf0 CMakeFiles/entropy_gen.dir/Users/mc/Software/pico-sdk/lib/tinyusb/src/class/cdc/cdc_device.c.o
                0x100066c4                cdcd_control_xfer_cb
 .text.cdcd_xfer_cb
                0x100067b4       0xf8 CMakeFiles/entropy_gen.dir/Users/mc/Software/pico-sdk/lib/tinyusb/src/class/cdc/cdc_device.c.o
                0x100067b4                cdcd_xfer_cb
 .text.vendord_init
                0x100068ac       0x5c CMakeFiles/entropy_gen.dir/Users/mc/Software/pico-sdk/lib/tinyusb/src/class/vendor/vendor_device.c.o
                0x100068ac                vendord_init
 .text.vendord_deinit
                0x10006908       0x1c CMakeFiles/entropy_gen.dir/Users/mc/Software/pico-sdk/lib/tinyusb/src/class/vendor/vendor_device.c.o
                0x10006908                vendord_deinit
 .text.vendord_reset
                0x10006924       0x28 CMakeFiles/entropy_gen.dir/Users/mc/Software/pico-sdk/lib/tinyusb/src/class/vendor/vendor_device.c.o
                0x10006924                vendord_reset
 .text.vendord_open
                0x1000694c      0x104 CMakeFiles/entropy_gen.dir/Users/mc/Software/pico-sdk/lib/tinyusb/src/class/vendor/vendor_device.c.o
                0x1000694c                vendord_open
 .text.vendord_xfer_cb
                0x10006a50       0xa0 CMakeFiles/entropy_gen.dir/Users/mc/Software/pico-sdk/lib/tinyusb/src/class/vendor/vendor_device.c.o
                0x10006a50                vendord_xfer_cb
 .text.tusb_rhport_init
                0x10006af0       0x4c CMakeFiles/entropy_gen.dir/Users/mc/Software/pico-sdk/lib/tinyusb/src/tusb.c.o
                0x10006af0                tusb_rhport_init
 .text.tu_edpt_claim
                0x10006b3c       0x50 CMakeFiles/entropy_gen.dir/Users/mc/Software/pico-sdk/lib/tinyusb/src/tusb.c.o
                0x10006b3c                tu_edpt_claim
 .text.tu_edpt_release
                0x10006b8c       0x38 CMakeFiles/entropy_gen.dir/Users/mc/Software/pico-sdk/lib/tinyusb/src/tusb.c.o
                0x10006b8c                tu_edpt_release
 .text.tu_edpt_validate
                0x10006bc4       0x74 CMakeFiles/entropy_gen.dir/Users/mc/Software/pico-sdk/lib/tinyusb/src/tusb.c.o
                0x10006bc4                tu_edpt_validate
 .text.tu_edpt_bind_driver
                0x10006c38       0x34 CMakeFiles/entropy_gen.dir/Users/mc/Software/pico-sdk/lib/tinyusb/src/tusb.c.o
                0x10006c38                tu_edpt_bind_driver
 .text.tu_edpt_stream_init
                0x10006c6c       0x68 CMakeFiles/entropy_gen.dir/Users/mc/Software/pico-sdk/lib/tinyusb/src/tusb.c.o
                0x10006c6c                tu_edpt_stream_init
 .text.tu_edpt_stream_deinit
                0x10006cd4        0x4 CMakeFiles/entropy_gen.dir/Users/mc/Software/pico-sdk/lib/tinyusb/src/tusb.c.o
                0x10006cd4                tu_edpt_stream_deinit
 .text.tu_edpt_stream_write_zlp_if_needed
                0x10006cd8       0x64 CMakeFiles/entropy_gen.dir/Users/mc/Software/pico-sdk/lib/tinyusb/src/tusb.c.o
                0x10006cd8                tu_edpt_stream_write_zlp_if_needed
 .text.tu_edpt_stream_write_xfer
                0x10006d3c       0x6c CMakeFiles/entropy_gen.dir/Users/mc/Software/pico-sdk/lib/tinyusb/src/tusb.c.o
                0x10006d3c                tu_edpt_stream_write_xfer
 .text.tu_edpt_stream_read_xfer
                0x10006da8       0xd8 CMakeFiles/entropy_gen.dir/Users/mc/Software/pico-sdk/lib/tinyusb/src/tusb.c.o
                0x10006da8                tu_edpt_stream_read_xfer
 .text.tu_fifo_config
                0x10006e80       0x6c CMakeFiles/entropy_gen.dir/Users/mc/Software/pico-sdk/lib/tinyusb/src/common/tusb_fifo.c.o
                0x10006e80                tu_fifo_config
 .text.tu_fifo_count
                0x10006eec       0x2c CMakeFiles/entropy_gen.dir/Users/mc/Software/pico-sdk/lib/tinyusb/src/common/tusb_fifo.c.o
                0x10006eec                tu_fifo_count
 .text.tu_fifo_empty
                0x10006f18       0x10 CMakeFiles/entropy_gen.dir/Users/mc/Software/pico-sdk/lib/tinyusb/src/common/tusb_fifo.c.o
                0x10006f18                tu_fifo_empty
 .text.tu_fifo_remaining
                0x10006f28       0x2c CMakeFiles/entropy_gen.dir/Users/mc/Software/pico-sdk/lib/tinyusb/src/common/tusb_fifo.c.o
                0x10006f28                tu_fifo_remaining
 .text.tu_fifo_read
                0x10006f54       0x9c CMakeFiles/entropy_gen.dir/Users/mc/Software/pico-sdk/lib/tinyusb/src/common/tusb_fifo.c.o
                0x10006f54                tu_fifo_read
 .text.tu_fifo_read_n
                0x10006ff0       0xec CMakeFiles/entropy_gen.dir/Users/mc/Software/pico-sdk/lib/tinyusb/src/common/tusb_fifo.c.o
                0x10006ff0                tu_fifo_read_n
 .text.tu_fifo_write
                0x100070dc       0xa4 CMakeFiles/entropy_gen.dir/Users/mc/Software/pico-sdk/lib/tinyusb/src/common/tusb_fifo.c.o
                0x100070dc                tu_fifo_write
 .text.tu_fifo_write_n
                0x10007180      0x168 CMakeFiles/entropy_gen.dir/Users/mc/Software/pico-sdk/lib/tinyusb/src/common/tusb_fifo.c.o
                0x10007180                tu_fifo_write_n
 .text.tu_fifo_clear
                0x100072e8       0x40 CMakeFiles/entropy_gen.dir/Users/mc/Software/pico-sdk/lib/tinyusb/src/common/tusb_fifo.c.o
                0x100072e8                tu_fifo_clear
 .text.tu_fifo_set_overwritable
                0x10007328       0x48 CMakeFiles/entropy_gen.dir/Users/mc/Software/pico-sdk/lib/tinyusb/src/common/tusb_fifo.c.o
                0x10007328                tu_fifo_set_overwritable
 .text.core1_trampoline
                0x10007370        0x4 CMakeFiles/entropy_gen.dir/Users/mc/Software/pico-sdk/src/rp2_common/pico_multicore/multicore.c.o
 .text.core1_wrapper
                0x10007374        0xc CMakeFiles/entropy_gen.dir/Users/mc/Software/pico-sdk/src/rp2_common/pico_multicore/multicore.c.o
                0x10007374                core1_wrapper
 .text.multicore_launch_core1_raw
                0x10007380       0x88 CMakeFiles/entropy_gen.dir/Users/mc/Software/pico-sdk/src/rp2_common/pico_multicore/multicore.c.o
                0x10007380                multicore_launch_core1_raw
 .text.multicore_launch_core1
                0x10007408       0x5c CMakeFiles/entropy_gen.dir/Users/mc/Software/pico-sdk/src/rp2_common/pico_multicore/multicore.c.o
                0x10007408                multicore_launch_core1
 .text.pio_claim_unused_sm
                0x10007464       0x38 CMakeFiles/entropy_gen.dir/Users/mc/Software/pico-sdk/src/rp2_common/hardware_pio/pio.c.o
                0x10007464                pio_claim_unused_sm
 .text.pio_add_program
                0x1000749c       0xf8 CMakeFiles/entropy_gen.dir/Users/mc/Software/pico-sdk/src/rp2_common/hardware_pio/pio.c.o
                0x1000749c                pio_add_program
 .text.pio_sm_set_consecutive_pindirs
                0x10007594       0xb0 CMakeFiles/entropy_gen.dir/Users/mc/Software/pico-sdk/src/rp2_common/hardware_pio/pio.c.o
                0x10007594                pio_sm_set_consecutive_pindirs
 .text.pio_sm_init
                0x10007644       0xa8 CMakeFiles/entropy_gen.dir/Users/mc/Software/pico-sdk/src/rp2_common/hardware_pio/pio.c.o
                0x10007644                pio_sm_init
 .text.adc_init
                0x100076ec       0x38 CMakeFiles/entropy_gen.dir/Users/mc/Software/pico-sdk/src/rp2_common/hardware_adc/adc.c.o
                0x100076ec                adc_init
 .text.mbedtls_platform_zeroize
                0x10007724       0x18 CMakeFiles/entropy_gen.dir/Users/mc/Software/pico-sdk/lib/mbedtls/library/platform_util.c.o
                0x10007724                mbedtls_platform_zeroize
 .text.mbedtls_internal_sha512_process
                0x1000773c      0xd14 CMakeFiles/entropy_gen.dir/Users/mc/Software/pico-sdk/lib/mbedtls/library/sha512.c.o
                0x1000773c                mbedtls_internal_sha512_process
 .text.mbedtls_sha512_update_ret.part.0
                0x10008450       0xbc CMakeFiles/entropy_gen.dir/Users/mc/Software/pico-sdk/lib/mbedtls/library/sha512.c.o
 .text.mbedtls_sha512
                0x1000850c      0x398 CMakeFiles/entropy_gen.dir/Users/mc/Software/pico-sdk/lib/mbedtls/library/sha512.c.o
                0x1000850c                mbedtls_sha512
 .text.calloc   0x100088a4       0x14 /Applications/ArmGNUToolchain/15.2.rel1/arm-none-eabi/bin/../lib/gcc/arm-none-eabi/15.2.1/../../../../arm-none-eabi/lib/thumb/v6-m/nofp/libg.a(libc_a-calloc.o)
                0x100088a4                calloc
 .text._calloc_r
                0x100088b8       0xb8 /Applications/ArmGNUToolchain/15.2.rel1/arm-none-eabi/bin/../lib/gcc/arm-none-eabi/15.2.1/../../../../arm-none-eabi/lib/thumb/v6-m/nofp/libg.a(libc_a-callocr.o)
                0x100088b8                _calloc_r
 .text._malloc_r
                0x10008970      0x564 /Applications/ArmGNUToolchain/15.2.rel1/arm-none-eabi/bin/../lib/gcc/arm-none-eabi/15.2.1/../../../../arm-none-eabi/lib/thumb/v6-m/nofp/libg.a(libc_a-mallocr.o)
                0x10008970                _malloc_r
 .text.__malloc_lock
                0x10008ed4       0x10 /Applications/ArmGNUToolchain/15.2.rel1/arm-none-eabi/bin/../lib/gcc/arm-none-eabi/15.2.1/../../../../arm-none-eabi/lib/thumb/v6-m/nofp/libg.a(libc_a-mlock.o)
                0x10008ed4                __malloc_lock
 .text.__malloc_unlock
                0x10008ee4       0x10 /Applications/ArmGNUToolchain/15.2.rel1/arm-none-eabi/bin/../lib/gcc/arm-none-eabi/15.2.1/../../../../arm-none-eabi/lib/thumb/v6-m/nofp/libg.a(libc_a-mlock.o)
                0x10008ee4                __malloc_unlock
 .text._sbrk_r  0x10008ef4       0x24 /Applications/ArmGNUToolchain/15.2.rel1/arm-none-eabi/bin/../lib/gcc/arm-none-eabi/15.2.1/../../../../arm-none-eabi/lib/thumb/v6-m/nofp/libg.a(libc_a-sbrkr.o)
                0x10008ef4                _sbrk_r
 .text.__errno  0x10008f18        0xc /Applications/ArmGNUToolchain/15.2.rel1/arm-none-eabi/bin/../lib/gcc/arm-none-eabi/15.2.1/../../../../arm-none-eabi/lib/thumb/v6-m/nofp/libg.a(libc_a-errno.o)
                0x10008f18                __errno
 .text.sysconf  0x10008f24       0x1c /Applications/ArmGNUToolchain/15.2.rel1/arm-none-eabi/bin/../lib/gcc/arm-none-eabi/15.2.1/../../../../arm-none-eabi/lib/thumb/v6-m/nofp/libg.a(libc_a-sysconf.o)
                0x10008f24                sysconf
 .text.__retarget_lock_acquire_recursive
                0x10008f40        0x4 /Applications/ArmGNUToolchain/15.2.rel1/arm-none-eabi/bin/../lib/gcc/arm-none-eabi/15.2.1/../../../../arm-none-eabi/lib/thumb/v6-m/nofp/libg.a(libc_a-lock.o)
                0x10008f40                __retarget_lock_acquire_recursive
 .text.__retarget_lock_release_recursive
                0x10008f44        0x4 /Applications/ArmGNUToolchain/15.2.rel1/arm-none-eabi/bin/../lib/gcc/arm-none-eabi/15.2.1/../../../../arm-none-eabi/lib/thumb/v6-m/nofp/libg.a(libc_a-lock.o)
                0x10008f44                __retarget_lock_release_recursive
 .text.strlen   0x10008f48       0x60 /Applications/ArmGNUToolchain/15.2.rel1/arm-none-eabi/bin/../lib/gcc/arm-none-eabi/15.2.1/../../../../arm-none-eabi/lib/thumb/v6-m/nofp/libg.a(libc_a-strlen-stub.o)
                0x10008f48                strlen
 .text._malloc_trim_r
                0x10008fa8       0xb0 /Applications/ArmGNUToolchain/15.2.rel1/arm-none-eabi/bin/../lib/gcc/arm-none-eabi/15.2.1/../../../../arm-none-eabi/lib/thumb/v6-m/nofp/libg.a(libc_a-freer.o)
                0x10008fa8                _malloc_trim_r
 .text._free_r  0x10009058      0x1d4 /Applications/ArmGNUToolchain/15.2.rel1/arm-none-eabi/bin/../lib/gcc/arm-none-eabi/15.2.1/../../../../arm-none-eabi/lib/thumb/v6-m/nofp/libg.a(libc_a-freer.o)
                0x10009058                _free_r
 *(.fini)
 .fini          0x1000922c        0x4 /Applications/ArmGNUToolchain/15.2.rel1/arm-none-eabi/bin/../lib/gcc/arm-none-eabi/15.2.1/thumb/v6-m/nofp/crti.o
                0x1000922c                _fini
 .fini.__stub   0x10009230       0xd0 linker stubs
 *crtbegin.o(.ctors)
 *crtbegin?.o(.ctors)
 *(EXCLUDE_FILE(*crtend.o *crtend?.o) .ctors)
 *(SORT_BY_NAME(.ctors.*))
 *(.ctors)
 *crtbegin.o(.dtors)
 *crtbegin?.o(.dtors)
 *(EXCLUDE_FILE(*crtend.o *crtend?.o) .dtors)
 *(SORT_BY_NAME(.dtors.*))
 *(.dtors)
                0x10009300                        . = ALIGN (0x4)
                0x10009300                        PROVIDE (__preinit_array_start = .)
 *(SORT_BY_NAME(.preinit_array.*))
 .preinit_array.00100
                0x10009300        0x4 CMakeFiles/entropy_gen.dir/Users/mc/Software/pico-sdk/src/rp2_common/pico_runtime_init/runtime_init.c.o
                0x10009300                __pre_init_runtime_init_early_resets
 .preinit_array.00101
                0x10009304        0x4 CMakeFiles/entropy_gen.dir/Users/mc/Software/pico-sdk/src/rp2_common/pico_runtime_init/runtime_init.c.o
                0x10009304                __pre_init_runtime_init_usb_power_down
 .preinit_array.00275
                0x10009308        0x4 CMakeFiles/entropy_gen.dir/Users/mc/Software/pico-sdk/src/rp2_common/pico_bit_ops/bit_ops_aeabi.S.o
 .preinit_array.00300
                0x1000930c        0x4 CMakeFiles/entropy_gen.dir/Users/mc/Software/pico-sdk/src/rp2_common/pico_mem_ops/mem_ops_aeabi.S.o
 .preinit_array.00350
                0x10009310        0x4 CMakeFiles/entropy_gen.dir/Users/mc/Software/pico-sdk/src/rp2_common/pico_double/double_aeabi_rp2040.S.o
 .preinit_array.00350
                0x10009314        0x4 CMakeFiles/entropy_gen.dir/Users/mc/Software/pico-sdk/src/rp2_common/pico_float/float_aeabi_rp2040.S.o
 .preinit_array.00500
                0x10009318        0x4 CMakeFiles/entropy_gen.dir/Users/mc/Software/pico-sdk/src/rp2_common/pico_runtime_init/runtime_init.c.o
                0x10009318                __pre_init_runtime_init_clocks
 .preinit_array.00600
                0x1000931c        0x4 CMakeFiles/entropy_gen.dir/Users/mc/Software/pico-sdk/src/rp2_common/pico_runtime_init/runtime_init.c.o
                0x1000931c                __pre_init_runtime_init_post_clock_resets
 .preinit_array.00700
                0x10009320        0x4 CMakeFiles/entropy_gen.dir/Users/mc/Software/pico-sdk/src/rp2_common/pico_runtime_init/runtime_init.c.o
                0x10009320                __pre_init_runtime_init_rp2040_gpio_ie_disable
 .preinit_array.01000
                0x10009324        0x4 CMakeFiles/entropy_gen.dir/Users/mc/Software/pico-sdk/src/rp2_common/pico_runtime_init/runtime_init.c.o
                0x10009324                __pre_init_runtime_init_spin_locks_reset
 .preinit_array.01100
                0x10009328        0x4 CMakeFiles/entropy_gen.dir/Users/mc/Software/pico-sdk/src/common/pico_sync/mutex.c.o
                0x10009328                __pre_init_runtime_init_mutex
 .preinit_array.10080
                0x1000932c        0x4 CMakeFiles/entropy_gen.dir/Users/mc/Software/pico-sdk/src/rp2_common/pico_runtime_init/runtime_init.c.o
                0x1000932c                __pre_init_runtime_init_install_ram_vector_table
 .preinit_array.11000
                0x10009330        0x4 CMakeFiles/entropy_gen.dir/Users/mc/Software/pico-sdk/src/common/pico_time/time.c.o
                0x10009330                __pre_init_runtime_init_default_alarm_pool
 .preinit_array.YYYYY
                0x10009334        0x4 CMakeFiles/entropy_gen.dir/Users/mc/Software/pico-sdk/src/rp2_common/pico_runtime/runtime.c.o
                0x10009334                __pre_init_first_per_core_initializer
 .preinit_array.ZZZZZ.01200
                0x10009338        0x4 CMakeFiles/entropy_gen.dir/Users/mc/Software/pico-sdk/src/rp2_common/hardware_irq/irq.c.o
                0x10009338                __pre_init_runtime_init_per_core_irq_priorities
 *(.preinit_array)
                0x1000933c                        PROVIDE (__preinit_array_end = .)
                0x1000933c                        . = ALIGN (0x4)
                0x1000933c                        PROVIDE (__init_array_start = .)
 *(SORT_BY_NAME(.init_array.*))
 .init_array.01000
                0x1000933c        0x4 CMakeFiles/entropy_gen.dir/Users/mc/Software/pico-sdk/src/rp2_common/pico_unique_id/unique_id.c.o
 *(.init_array)
 .init_array    0x10009340        0x4 /Applications/ArmGNUToolchain/15.2.rel1/arm-none-eabi/bin/../lib/gcc/arm-none-eabi/15.2.1/thumb/v6-m/nofp/crtbegin.o
                0x10009344                        PROVIDE (__init_array_end = .)
                0x10009344                        . = ALIGN (0x4)
                [!provide]                        PROVIDE (__fini_array_start = .)
 *(SORT_BY_NAME(.fini_array.*))
 *(.fini_array)
                [!provide]                        PROVIDE (__fini_array_end = .)
 *(.eh_frame*)
 .eh_frame      0x10009344        0x0 /Applications/ArmGNUToolchain/15.2.rel1/arm-none-eabi/bin/../lib/gcc/arm-none-eabi/15.2.1/thumb/v6-m/nofp/crtbegin.o
                0x10009344                        . = ALIGN (0x4)

.glue_7         0x10009344        0x0
 .glue_7        0x10009344        0x0 linker stubs

.glue_7t        0x10009344        0x0
 .glue_7t       0x10009344        0x0 linker stubs

.vfp11_veneer   0x10009344        0x0
 .vfp11_veneer  0x10009344        0x0 linker stubs

.v4_bx          0x10009344        0x0
 .v4_bx         0x10009344        0x0 linker stubs

.iplt           0x10009344        0x0
 .iplt          0x10009344        0x0 /Applications/ArmGNUToolchain/15.2.rel1/arm-none-eabi/bin/../lib/gcc/arm-none-eabi/15.2.1/thumb/v6-m/nofp/crtbegin.o

.rodata         0x10009348      0x990
 *(EXCLUDE_FILE(*libm.a: *libc.a:*lib_a-mem*.o *libgcc.a:) .rodata*)
 .rodata.core1_entry.str1.4
                0x10009348      0x25c CMakeFiles/entropy_gen.dir/main.c.o
                                 0x25 (size before relaxing)
 .rodata.main.str1.4
                0x100095a4        0x0 CMakeFiles/entropy_gen.dir/main.c.o
                                 0x8a (size before relaxing)
 .rodata.square_wave_program
                0x100095a4        0x8 CMakeFiles/entropy_gen.dir/main.c.o
 .rodata.square_wave_program_instructions
                0x100095ac        0x4 CMakeFiles/entropy_gen.dir/main.c.o
 .rodata.panic.str1.4
                0x100095b0        0x0 CMakeFiles/entropy_gen.dir/Users/mc/Software/pico-sdk/src/rp2_common/pico_platform_panic/panic.c.o
                                 0x12 (size before relaxing)
 .rodata.spin_lock_claim_unused.str1.4
                0x100095b0        0x0 CMakeFiles/entropy_gen.dir/Users/mc/Software/pico-sdk/src/rp2_common/hardware_sync/sync.c.o
                                 0x1b (size before relaxing)
 .rodata.user_irq_claim_unused.str1.4
                0x100095b0        0x0 CMakeFiles/entropy_gen.dir/Users/mc/Software/pico-sdk/src/rp2_common/hardware_irq/irq.c.o
                                 0x1b (size before relaxing)
 .rodata.timer_hardware_alarm_claim.str1.4
                0x100095b0        0x0 CMakeFiles/entropy_gen.dir/Users/mc/Software/pico-sdk/src/rp2_common/hardware_timer/timer.c.o
                                 0x22 (size before relaxing)
 .rodata.hard_assertion_failure.str1.4
                0x100095b0        0x0 CMakeFiles/entropy_gen.dir/Users/mc/Software/pico-sdk/src/rp2_common/pico_runtime/runtime.c.o
                                  0xc (size before relaxing)
 .rodata.__wrap_malloc.str1.4
                0x100095b0        0x0 CMakeFiles/entropy_gen.dir/Users/mc/Software/pico-sdk/src/rp2_common/pico_malloc/malloc.c.o
                                  0xe (size before relaxing)
 .rodata.str1.4
                0x100095b0        0x0 CMakeFiles/entropy_gen.dir/Users/mc/Software/pico-sdk/src/rp2_common/pico_standard_binary_info/standard_binary_info.c.o
                                 0x40 (size before relaxing)
 .rodata.__bi_84
                0x100095b0        0xc CMakeFiles/entropy_gen.dir/Users/mc/Software/pico-sdk/src/rp2_common/pico_standard_binary_info/standard_binary_info.c.o
 .rodata.__bi_78
                0x100095bc        0xc CMakeFiles/entropy_gen.dir/Users/mc/Software/pico-sdk/src/rp2_common/pico_standard_binary_info/standard_binary_info.c.o
 .rodata.__bi_54
                0x100095c8        0xc CMakeFiles/entropy_gen.dir/Users/mc/Software/pico-sdk/src/rp2_common/pico_standard_binary_info/standard_binary_info.c.o
 .rodata.__bi_48
                0x100095d4        0xc CMakeFiles/entropy_gen.dir/Users/mc/Software/pico-sdk/src/rp2_common/pico_standard_binary_info/standard_binary_info.c.o
 .rodata.__bi_42
                0x100095e0        0xc CMakeFiles/entropy_gen.dir/Users/mc/Software/pico-sdk/src/rp2_common/pico_standard_binary_info/standard_binary_info.c.o
 .rodata.__bi_34
                0x100095ec        0xc CMakeFiles/entropy_gen.dir/Users/mc/Software/pico-sdk/src/rp2_common/pico_standard_binary_info/standard_binary_info.c.o
 .rodata.__bi_26
                0x100095f8        0xc CMakeFiles/entropy_gen.dir/Users/mc/Software/pico-sdk/src/rp2_common/pico_standard_binary_info/standard_binary_info.c.o
 .rodata._ftoa.str1.4
                0x10009604        0x0 CMakeFiles/entropy_gen.dir/Users/mc/Software/pico-sdk/src/rp2_common/pico_printf/printf.c.o
                                 0x15 (size before relaxing)
 .rodata._vsnprintf
                0x10009604      0x19c CMakeFiles/entropy_gen.dir/Users/mc/Software/pico-sdk/src/rp2_common/pico_printf/printf.c.o
 .rodata.pow10.0
                0x100097a0       0x50 CMakeFiles/entropy_gen.dir/Users/mc/Software/pico-sdk/src/rp2_common/pico_printf/printf.c.o
 .rodata.crlf_str.0
                0x100097f0        0x2 CMakeFiles/entropy_gen.dir/Users/mc/Software/pico-sdk/src/rp2_common/pico_stdio/stdio.c.o
 *fill*         0x100097f2        0x2 
 .rodata._resetd_driver
                0x100097f4       0x20 CMakeFiles/entropy_gen.dir/Users/mc/Software/pico-sdk/src/rp2_common/pico_stdio_usb/reset_interface.c.o
 .rodata.desc_ms_os_20
                0x10009814       0xa6 CMakeFiles/entropy_gen.dir/Users/mc/Software/pico-sdk/src/rp2_common/pico_stdio_usb/reset_interface.c.o
 *fill*         0x100098ba        0x2 
 .rodata.desc_bos
                0x100098bc       0x21 CMakeFiles/entropy_gen.dir/Users/mc/Software/pico-sdk/src/rp2_common/pico_stdio_usb/reset_interface.c.o
                0x100098bc                desc_bos
 .rodata.str1.4
                0x100098dd        0x0 CMakeFiles/entropy_gen.dir/Users/mc/Software/pico-sdk/src/rp2_common/pico_stdio_usb/stdio_usb.c.o
                                 0x13 (size before relaxing)
 *fill*         0x100098dd        0x3 
 .rodata.__bi_202.0
                0x100098e0        0xc CMakeFiles/entropy_gen.dir/Users/mc/Software/pico-sdk/src/rp2_common/pico_stdio_usb/stdio_usb.c.o
 .rodata.str1.4
                0x100098ec        0x0 CMakeFiles/entropy_gen.dir/Users/mc/Software/pico-sdk/src/rp2_common/pico_stdio_usb/stdio_usb_descriptors.c.o
                                 0x2a (size before relaxing)
 .rodata.usbd_desc_str
                0x100098ec       0x18 CMakeFiles/entropy_gen.dir/Users/mc/Software/pico-sdk/src/rp2_common/pico_stdio_usb/stdio_usb_descriptors.c.o
 .rodata.usbd_desc_cfg
                0x10009904       0x54 CMakeFiles/entropy_gen.dir/Users/mc/Software/pico-sdk/src/rp2_common/pico_stdio_usb/stdio_usb_descriptors.c.o
 .rodata.usbd_desc_device
                0x10009958       0x12 CMakeFiles/entropy_gen.dir/Users/mc/Software/pico-sdk/src/rp2_common/pico_stdio_usb/stdio_usb_descriptors.c.o
 .rodata.str1.4
                0x1000996a        0x0 CMakeFiles/entropy_gen.dir/Users/mc/Software/pico-sdk/lib/tinyusb/src/portable/raspberrypi/rp2040/dcd_rp2040.c.o
                                 0x14 (size before relaxing)
 .rodata.str1.4
                0x1000996a        0x0 CMakeFiles/entropy_gen.dir/Users/mc/Software/pico-sdk/lib/tinyusb/src/portable/raspberrypi/rp2040/rp2040_usb.c.o
                                 0x48 (size before relaxing)
 *fill*         0x1000996a        0x2 
 .rodata.tud_task_ext
                0x1000996c       0x8c CMakeFiles/entropy_gen.dir/Users/mc/Software/pico-sdk/lib/tinyusb/src/device/usbd.c.o
 .rodata        0x100099f8       0x1c CMakeFiles/entropy_gen.dir/Users/mc/Software/pico-sdk/lib/tinyusb/src/device/usbd.c.o
 .rodata._usbd_driver
                0x10009a14       0x40 CMakeFiles/entropy_gen.dir/Users/mc/Software/pico-sdk/lib/tinyusb/src/device/usbd.c.o
 .rodata.pio_claim_unused_sm.str1.4
                0x10009a54        0x0 CMakeFiles/entropy_gen.dir/Users/mc/Software/pico-sdk/src/rp2_common/hardware_pio/pio.c.o
                                 0x24 (size before relaxing)
 .rodata.memset_func
                0x10009a54        0x4 CMakeFiles/entropy_gen.dir/Users/mc/Software/pico-sdk/lib/mbedtls/library/platform_util.c.o
 .rodata.K      0x10009a58      0x280 CMakeFiles/entropy_gen.dir/Users/mc/Software/pico-sdk/lib/mbedtls/library/sha512.c.o
                0x10009cd8                        . = ALIGN (0x4)
 *(SORT_BY_ALIGNMENT(SORT_BY_NAME(.flashdata*)))
                0x10009cd8                        . = ALIGN (0x4)

.ARM.extab
 *(.ARM.extab* .gnu.linkonce.armextab.*)
                0x10009cd8                        __exidx_start = .

.ARM.exidx
 *(.ARM.exidx* .gnu.linkonce.armexidx.*)
                0x10009cd8                        __exidx_end = .
                0x10009cd8                        . = ALIGN (0x4)
                0x10009cd8                        __binary_info_start = .

.binary_info    0x10009cd8       0x20
 *(.binary_info.keep.*)
 .binary_info.keep.__bi_ptr84
                0x10009cd8        0x4 CMakeFiles/entropy_gen.dir/Users/mc/Software/pico-sdk/src/rp2_common/pico_standard_binary_info/standard_binary_info.c.o
 .binary_info.keep.__bi_ptr78
                0x10009cdc        0x4 CMakeFiles/entropy_gen.dir/Users/mc/Software/pico-sdk/src/rp2_common/pico_standard_binary_info/standard_binary_info.c.o
 .binary_info.keep.__bi_ptr54
                0x10009ce0        0x4 CMakeFiles/entropy_gen.dir/Users/mc/Software/pico-sdk/src/rp2_common/pico_standard_binary_info/standard_binary_info.c.o
 .binary_info.keep.__bi_ptr48
                0x10009ce4        0x4 CMakeFiles/entropy_gen.dir/Users/mc/Software/pico-sdk/src/rp2_common/pico_standard_binary_info/standard_binary_info.c.o
 .binary_info.keep.__bi_ptr42
                0x10009ce8        0x4 CMakeFiles/entropy_gen.dir/Users/mc/Software/pico-sdk/src/rp2_common/pico_standard_binary_info/standard_binary_info.c.o
 .binary_info.keep.__bi_ptr34
                0x10009cec        0x4 CMakeFiles/entropy_gen.dir/Users/mc/Software/pico-sdk/src/rp2_common/pico_standard_binary_info/standard_binary_info.c.o
 .binary_info.keep.__bi_ptr26
                0x10009cf0        0x4 CMakeFiles/entropy_gen.dir/Users/mc/Software/pico-sdk/src/rp2_common/pico_standard_binary_info/standard_binary_info.c.o
 *(.binary_info.*)
 .binary_info.__bi_ptr202
                0x10009cf4        0x4 CMakeFiles/entropy_gen.dir/Users/mc/Software/pico-sdk/src/rp2_common/pico_stdio_usb/stdio_usb.c.o
                0x10009cf8                        __binary_info_end = .
                0x10009cf8                        . = ALIGN (0x4)

.ram_vector_table
                0x20000000       0xc0
 *(.ram_vector_table)
 .ram_vector_table
                0x20000000       0xc0 CMakeFiles/entropy_gen.dir/Users/mc/Software/pico-sdk/src/rp2_common/pico_runtime_init/runtime_init.c.o
                0x20000000                ram_vector_table

.uninitialized_data
                0x200000c0        0x0
                0x200000c0                        . = ALIGN (0x4)
 *(.uninitialized_data*)

.data           0x200000c0     0x1610 load address 0x10009cf8
                0x200000c0                        __data_start__ = .
 *(vtable)
 *(.time_critical*)
 .time_critical.mutex_enter_blocking
                0x200000c0       0x48 CMakeFiles/entropy_gen.dir/Users/mc/Software/pico-sdk/src/common/pico_sync/mutex.c.o
                0x200000c0                mutex_enter_blocking
 .time_critical.mutex_try_enter
                0x20000108       0x40 CMakeFiles/entropy_gen.dir/Users/mc/Software/pico-sdk/src/common/pico_sync/mutex.c.o
                0x20000108                mutex_try_enter
 .time_critical.mutex_try_enter_block_until
                0x20000148       0x98 CMakeFiles/entropy_gen.dir/Users/mc/Software/pico-sdk/src/common/pico_sync/mutex.c.o
                0x20000148                mutex_try_enter_block_until
 .time_critical.mutex_enter_timeout_ms
                0x200001e0       0x8c CMakeFiles/entropy_gen.dir/Users/mc/Software/pico-sdk/src/common/pico_sync/mutex.c.o
                0x200001e0                mutex_enter_timeout_ms
 .time_critical.mutex_exit
                0x2000026c       0x28 CMakeFiles/entropy_gen.dir/Users/mc/Software/pico-sdk/src/common/pico_sync/mutex.c.o
                0x2000026c                mutex_exit
 .time_critical.flash_init_boot2_copyout
                0x20000294       0x30 CMakeFiles/entropy_gen.dir/Users/mc/Software/pico-sdk/src/rp2_common/hardware_flash/flash.c.o
 .time_critical.flash_enable_xip_via_boot2
                0x200002c4        0xc CMakeFiles/entropy_gen.dir/Users/mc/Software/pico-sdk/src/rp2_common/hardware_flash/flash.c.o
 .time_critical.flash_save_hardware_state
                0x200002d0       0x20 CMakeFiles/entropy_gen.dir/Users/mc/Software/pico-sdk/src/rp2_common/hardware_flash/flash.c.o
 .time_critical.flash_restore_hardware_state
                0x200002f0       0x20 CMakeFiles/entropy_gen.dir/Users/mc/Software/pico-sdk/src/rp2_common/hardware_flash/flash.c.o
 .time_critical.flash_cs_force
                0x20000310       0x38 CMakeFiles/entropy_gen.dir/Users/mc/Software/pico-sdk/src/rp2_common/hardware_flash/flash.c.o
 .time_critical.flash_do_cmd
                0x20000348      0x124 CMakeFiles/entropy_gen.dir/Users/mc/Software/pico-sdk/src/rp2_common/hardware_flash/flash.c.o
                0x20000348                flash_do_cmd
 .time_critical.reset_non_control_endpoints
                0x2000046c       0x68 CMakeFiles/entropy_gen.dir/Users/mc/Software/pico-sdk/lib/tinyusb/src/portable/raspberrypi/rp2040/dcd_rp2040.c.o
 .time_critical.hw_handle_buff_status
                0x200004d4       0x88 CMakeFiles/entropy_gen.dir/Users/mc/Software/pico-sdk/lib/tinyusb/src/portable/raspberrypi/rp2040/dcd_rp2040.c.o
 .time_critical.dcd_rp2040_irq
                0x2000055c      0x53c CMakeFiles/entropy_gen.dir/Users/mc/Software/pico-sdk/lib/tinyusb/src/portable/raspberrypi/rp2040/dcd_rp2040.c.o
 .time_critical.prepare_ep_buffer
                0x20000a98       0xc4 CMakeFiles/entropy_gen.dir/Users/mc/Software/pico-sdk/lib/tinyusb/src/portable/raspberrypi/rp2040/rp2040_usb.c.o
 .time_critical.sync_ep_buffer
                0x20000b5c       0xa0 CMakeFiles/entropy_gen.dir/Users/mc/Software/pico-sdk/lib/tinyusb/src/portable/raspberrypi/rp2040/rp2040_usb.c.o
 .time_critical._hw_endpoint_xfer_sync
                0x20000bfc       0x28 CMakeFiles/entropy_gen.dir/Users/mc/Software/pico-sdk/lib/tinyusb/src/portable/raspberrypi/rp2040/rp2040_usb.c.o
 .time_critical.e15_is_bulkin_ep
                0x20000c24       0x28 CMakeFiles/entropy_gen.dir/Users/mc/Software/pico-sdk/lib/tinyusb/src/portable/raspberrypi/rp2040/rp2040_usb.c.o
 .time_critical.e15_is_critical_frame_period
                0x20000c4c       0x30 CMakeFiles/entropy_gen.dir/Users/mc/Software/pico-sdk/lib/tinyusb/src/portable/raspberrypi/rp2040/rp2040_usb.c.o
 .time_critical.hw_endpoint_reset_transfer
                0x20000c7c        0xc CMakeFiles/entropy_gen.dir/Users/mc/Software/pico-sdk/lib/tinyusb/src/portable/raspberrypi/rp2040/rp2040_usb.c.o
                0x20000c7c                hw_endpoint_reset_transfer
 .time_critical._hw_endpoint_buffer_control_update32
                0x20000c88       0x50 CMakeFiles/entropy_gen.dir/Users/mc/Software/pico-sdk/lib/tinyusb/src/portable/raspberrypi/rp2040/rp2040_usb.c.o
                0x20000c88                _hw_endpoint_buffer_control_update32
 .time_critical.hw_endpoint_start_next_buffer
                0x20000cd8       0x68 CMakeFiles/entropy_gen.dir/Users/mc/Software/pico-sdk/lib/tinyusb/src/portable/raspberrypi/rp2040/rp2040_usb.c.o
                0x20000cd8                hw_endpoint_start_next_buffer
 .time_critical.hw_endpoint_xfer_continue
                0x20000d40       0x40 CMakeFiles/entropy_gen.dir/Users/mc/Software/pico-sdk/lib/tinyusb/src/portable/raspberrypi/rp2040/rp2040_usb.c.o
                0x20000d40                hw_endpoint_xfer_continue
 .time_critical.tinyusb
                0x20000d80      0x1d8 CMakeFiles/entropy_gen.dir/Users/mc/Software/pico-sdk/lib/tinyusb/src/device/usbd.c.o
                0x20000d80                dcd_event_handler
 *(.text*)
 .text          0x20000f58        0x4 /Applications/ArmGNUToolchain/15.2.rel1/arm-none-eabi/bin/../lib/gcc/arm-none-eabi/15.2.1/thumb/v6-m/nofp/libgcc.a(_dvmd_tls.o)
                0x20000f58                __aeabi_ldiv0
                0x20000f58                __aeabi_idiv0
 *fill*         0x20000f5c        0x4 
 .text.__stub   0x20000f60       0x80 linker stubs
                0x20000fe0                        . = ALIGN (0x4)
 *(.rodata*)
                0x20000fe0                        . = ALIGN (0x4)
 *(.data*)
 .data.striped_spin_lock_num
                0x20000fe0        0x1 CMakeFiles/entropy_gen.dir/Users/mc/Software/pico-sdk/src/rp2_common/hardware_sync/sync.c.o
 *fill*         0x20000fe1        0x3 
 .data          0x20000fe4       0x48 CMakeFiles/entropy_gen.dir/Users/mc/Software/pico-sdk/src/rp2_common/hardware_irq/irq_handler_chain.S.o
                0x20000fe4                irq_handler_chain_slots
                0x20001014                irq_handler_chain_first_slot
                0x2000101e                irq_handler_chain_remove_tail
 .data.default_alarm_pool
                0x2000102c       0x18 CMakeFiles/entropy_gen.dir/Users/mc/Software/pico-sdk/src/common/pico_time/time.c.o
 *fill*         0x20001044        0xc 
 .data.aeabi_bits_funcs
                0x20001050       0x10 CMakeFiles/entropy_gen.dir/Users/mc/Software/pico-sdk/src/rp2_common/pico_bit_ops/bit_ops_aeabi.S.o
                0x20001050                aeabi_bits_funcs
                0x20001060                aeabi_bits_funcs_end
 .data.aeabi_mem_funcs
                0x20001060       0x10 CMakeFiles/entropy_gen.dir/Users/mc/Software/pico-sdk/src/rp2_common/pico_mem_ops/mem_ops_aeabi.S.o
                0x20001060                aeabi_mem_funcs
                0x20001070                aeabi_mem_funcs_end
 .data.stdio_usb
                0x20001070       0x18 CMakeFiles/entropy_gen.dir/Users/mc/Software/pico-sdk/src/rp2_common/pico_stdio_usb/stdio_usb.c.o
                0x20001070                stdio_usb
 .data._usbd_qdef
                0x20001088       0x1c CMakeFiles/entropy_gen.dir/Users/mc/Software/pico-sdk/lib/tinyusb/src/device/usbd.c.o
                0x20001088                _usbd_qdef
 .data._usbd_rhport
                0x200010a4        0x1 CMakeFiles/entropy_gen.dir/Users/mc/Software/pico-sdk/lib/tinyusb/src/device/usbd.c.o
 *fill*         0x200010a5        0x3 
 .data.__malloc_sbrk_base
                0x200010a8        0x4 /Applications/ArmGNUToolchain/15.2.rel1/arm-none-eabi/bin/../lib/gcc/arm-none-eabi/15.2.1/../../../../arm-none-eabi/lib/thumb/v6-m/nofp/libg.a(libc_a-mallocr.o)
                0x200010a8                __malloc_sbrk_base
 .data.__malloc_trim_threshold
                0x200010ac        0x4 /Applications/ArmGNUToolchain/15.2.rel1/arm-none-eabi/bin/../lib/gcc/arm-none-eabi/15.2.1/../../../../arm-none-eabi/lib/thumb/v6-m/nofp/libg.a(libc_a-mallocr.o)
                0x200010ac                __malloc_trim_threshold
 .data.__malloc_av_
                0x200010b0      0x408 /Applications/ArmGNUToolchain/15.2.rel1/arm-none-eabi/bin/../lib/gcc/arm-none-eabi/15.2.1/../../../../arm-none-eabi/lib/thumb/v6-m/nofp/libg.a(libc_a-mallocr.o)
                0x200010b0                __malloc_av_
 .data._impure_ptr
                0x200014b8        0x4 /Applications/ArmGNUToolchain/15.2.rel1/arm-none-eabi/bin/../lib/gcc/arm-none-eabi/15.2.1/../../../../arm-none-eabi/lib/thumb/v6-m/nofp/libg.a(libc_a-impure.o)
                0x200014b8                _impure_ptr
 *fill*         0x200014bc        0x4 
 .data._impure_data
                0x200014c0      0x200 /Applications/ArmGNUToolchain/15.2.rel1/arm-none-eabi/bin/../lib/gcc/arm-none-eabi/15.2.1/../../../../arm-none-eabi/lib/thumb/v6-m/nofp/libg.a(libc_a-impure.o)
                0x200014c0                _impure_data
                0x200016c0                        . = ALIGN (0x4)
 *(.after_data.*)
                0x200016c0                        . = ALIGN (0x4)
                0x200016c0                        PROVIDE (__mutex_array_start = .)
 *(SORT_BY_NAME(.mutex_array.*))
 *(.mutex_array)
 .mutex_array   0x200016c0        0x8 CMakeFiles/entropy_gen.dir/Users/mc/Software/pico-sdk/src/rp2_common/pico_malloc/malloc.c.o
 .mutex_array   0x200016c8        0x8 CMakeFiles/entropy_gen.dir/Users/mc/Software/pico-sdk/src/rp2_common/pico_stdio/stdio.c.o
                0x200016d0                        PROVIDE (__mutex_array_end = .)
                0x200016d0                        . = ALIGN (0x4)
 *(.jcr)
                0x200016d0                        . = ALIGN (0x4)

.tm_clone_table
                0x200016d0        0x0 load address 0x1000b308
 .tm_clone_table
                0x200016d0        0x0 /Applications/ArmGNUToolchain/15.2.rel1/arm-none-eabi/bin/../lib/gcc/arm-none-eabi/15.2.1/thumb/v6-m/nofp/crtbegin.o
 .tm_clone_table
                0x200016d0        0x0 /Applications/ArmGNUToolchain/15.2.rel1/arm-none-eabi/bin/../lib/gcc/arm-none-eabi/15.2.1/thumb/v6-m/nofp/crtend.o

.igot.plt       0x200016d0        0x0 load address 0x1000b308
 .igot.plt      0x200016d0        0x0 /Applications/ArmGNUToolchain/15.2.rel1/arm-none-eabi/bin/../lib/gcc/arm-none-eabi/15.2.1/thumb/v6-m/nofp/crtbegin.o

.tdata          0x200016d0        0x0 load address 0x1000b308
                0x200016d0                        . = ALIGN (0x4)
 *(.tdata .tdata.* .gnu.linkonce.td.*)
                0x200016d0                        __tdata_end = .
                0x200016d0                        PROVIDE (__data_end__ = .)
                0x10009cf8                        __etext = LOADADDR (.data)

.tbss           0x200016d0        0x0 load address 0x1000b308
                0x200016d0                        . = ALIGN (0x4)
                0x200016d0                        __bss_start__ = .
                0x200016d0                        __tls_base = .
 *(.tbss .tbss.* .gnu.linkonce.tb.*)
 *(.tcommon)
                0x200016d0                        __tls_end = .

.bss            0x200016d0     0x10a8 load address 0x1000b308
                0x200016d0                        . = ALIGN (0x4)
                0x200016d0                        __tbss_end = .
 *(SORT_BY_ALIGNMENT(SORT_BY_NAME(.bss*)))
 .bss._cdcd_itf
                0x200016d0       0xc8 CMakeFiles/entropy_gen.dir/Users/mc/Software/pico-sdk/lib/tinyusb/src/class/cdc/cdc_device.c.o
 .bss.default_alarm_pool_entries
                0x20001798      0x180 CMakeFiles/entropy_gen.dir/Users/mc/Software/pico-sdk/src/common/pico_time/time.c.o
 .bss.last_avail_time.1
                0x20001918        0x8 CMakeFiles/entropy_gen.dir/Users/mc/Software/pico-sdk/src/rp2_common/pico_stdio_usb/stdio_usb.c.o
 .bss.sd_table  0x20001920      0x100 CMakeFiles/entropy_gen.dir/Users/mc/Software/pico-sdk/src/rp2_common/pico_double/double_init_rom_rp2040.c.o
                0x20001920                sd_table
 .bss.sf_table  0x20001a20      0x100 CMakeFiles/entropy_gen.dir/Users/mc/Software/pico-sdk/src/rp2_common/pico_float/float_init_rom_rp2040.c.o
                0x20001a20                sf_table
 .bss.__lock___malloc_recursive_mutex
                0x20001b20        0x1 /Applications/ArmGNUToolchain/15.2.rel1/arm-none-eabi/bin/../lib/gcc/arm-none-eabi/15.2.1/../../../../arm-none-eabi/lib/thumb/v6-m/nofp/libg.a(libc_a-lock.o)
                0x20001b20                __lock___malloc_recursive_mutex
 *fill*         0x20001b21        0x3 
 .bss.__malloc_current_mallinfo
                0x20001b24       0x28 /Applications/ArmGNUToolchain/15.2.rel1/arm-none-eabi/bin/../lib/gcc/arm-none-eabi/15.2.1/../../../../arm-none-eabi/lib/thumb/v6-m/nofp/libg.a(libc_a-mallocr.o)
                0x20001b24                __malloc_current_mallinfo
 .bss.__malloc_max_sbrked_mem
                0x20001b4c        0x4 /Applications/ArmGNUToolchain/15.2.rel1/arm-none-eabi/bin/../lib/gcc/arm-none-eabi/15.2.1/../../../../arm-none-eabi/lib/thumb/v6-m/nofp/libg.a(libc_a-mallocr.o)
                0x20001b4c                __malloc_max_sbrked_mem
 .bss.__malloc_max_total_mem
                0x20001b50        0x4 /Applications/ArmGNUToolchain/15.2.rel1/arm-none-eabi/bin/../lib/gcc/arm-none-eabi/15.2.1/../../../../arm-none-eabi/lib/thumb/v6-m/nofp/libg.a(libc_a-mallocr.o)
                0x20001b50                __malloc_max_total_mem
 .bss.__malloc_top_pad
                0x20001b54        0x4 /Applications/ArmGNUToolchain/15.2.rel1/arm-none-eabi/bin/../lib/gcc/arm-none-eabi/15.2.1/../../../../arm-none-eabi/lib/thumb/v6-m/nofp/libg.a(libc_a-mallocr.o)
                0x20001b54                __malloc_top_pad
 .bss.__sf      0x20001b58      0x138 /Applications/ArmGNUToolchain/15.2.rel1/arm-none-eabi/bin/../lib/gcc/arm-none-eabi/15.2.1/../../../../arm-none-eabi/lib/thumb/v6-m/nofp/libg.a(libc_a-findfp.o)
                0x20001b58                __sf
 .bss._app_driver
                0x20001c90        0x4 CMakeFiles/entropy_gen.dir/Users/mc/Software/pico-sdk/lib/tinyusb/src/device/usbd.c.o
 .bss._cdcd_epbuf
                0x20001c94       0x80 CMakeFiles/entropy_gen.dir/Users/mc/Software/pico-sdk/lib/tinyusb/src/class/cdc/cdc_device.c.o
 .bss._cdcd_fifo_cfg
                0x20001d14        0x1 CMakeFiles/entropy_gen.dir/Users/mc/Software/pico-sdk/lib/tinyusb/src/class/cdc/cdc_device.c.o
 *fill*         0x20001d15        0x3 
 .bss._ctrl_epbuf
                0x20001d18       0x40 CMakeFiles/entropy_gen.dir/Users/mc/Software/pico-sdk/lib/tinyusb/src/device/usbd_control.c.o
 .bss._ctrl_xfer
                0x20001d58       0x14 CMakeFiles/entropy_gen.dir/Users/mc/Software/pico-sdk/lib/tinyusb/src/device/usbd_control.c.o
 .bss._tusb_rhport_role
                0x20001d6c        0x2 CMakeFiles/entropy_gen.dir/Users/mc/Software/pico-sdk/lib/tinyusb/src/tusb.c.o
                0x20001d6c                _tusb_rhport_role
 *fill*         0x20001d6e        0x2 
 .bss._ubsd_mutexdef
                0x20001d70        0x8 CMakeFiles/entropy_gen.dir/Users/mc/Software/pico-sdk/lib/tinyusb/src/device/usbd.c.o
 .bss._usbd_dev
                0x20001d78       0x54 CMakeFiles/entropy_gen.dir/Users/mc/Software/pico-sdk/lib/tinyusb/src/device/usbd.c.o
 .bss._usbd_mutex
                0x20001dcc        0x4 CMakeFiles/entropy_gen.dir/Users/mc/Software/pico-sdk/lib/tinyusb/src/device/usbd.c.o
 .bss._usbd_q   0x20001dd0        0x4 CMakeFiles/entropy_gen.dir/Users/mc/Software/pico-sdk/lib/tinyusb/src/device/usbd.c.o
 .bss._usbd_qdef_buf
                0x20001dd4       0xc0 CMakeFiles/entropy_gen.dir/Users/mc/Software/pico-sdk/lib/tinyusb/src/device/usbd.c.o
                0x20001dd4                _usbd_qdef_buf
 .bss._used_instruction_space
                0x20001e94        0x8 CMakeFiles/entropy_gen.dir/Users/mc/Software/pico-sdk/src/rp2_common/hardware_pio/pio.c.o
 .bss._vendord_epbuf